Component: ARM Compiler 5.06 update 6 (build 750) Tool: armlink [4d35ed]

==============================================================================

Section Cross References

    blinky.o(.text) refers to rt_cmsis.o(i.osThreadCreate) for osThreadCreate
    blinky.o(.text) refers to led_frdm-kl25z.o(.text) for LED_GetCount
    blinky.o(.text) refers to rt_cmsis.o(i.osSignalWait) for osSignalWait
    blinky.o(.text) refers to rt_cmsis.o(i.osThreadYield) for osThreadYield
    blinky.o(.text) refers to rt_cmsis.o(i.osKernelInitialize) for osKernelInitialize
    blinky.o(.text) refers to system_mkl25z4.o(.text) for SystemCoreClockUpdate
    blinky.o(.text) refers to rt_cmsis.o(i.osKernelStart) for osKernelStart
    blinky.o(.text) refers to rt_cmsis.o(i.osDelay) for osDelay
    blinky.o(.text) refers to rt_cmsis.o(i.osSignalSet) for osSignalSet
    blinky.o(.text) refers to blinky.o(.constdata) for os_thread_def_Thread_LED
    blinky.o(.text) refers to blinky.o(.data) for tid_Thread_LED
    blinky.o(.constdata) refers to blinky.o(.text) for Thread_LED
    led_frdm-kl25z.o(.text) refers to led_frdm-kl25z.o(.constdata) for led_port
    rtx_conf_cm.o(.emb_text) refers to rt_cmsis.o(i.osKernelInitialize) for osKernelInitialize
    rtx_conf_cm.o(.emb_text) refers to rt_cmsis.o(i.osThreadCreate) for osThreadCreate
    rtx_conf_cm.o(.emb_text) refers to rt_cmsis.o(i.osKernelStart) for osKernelStart
    rtx_conf_cm.o(.emb_text) refers to exit.o(.text) for exit
    rtx_conf_cm.o(.emb_text) refers to rtx_conf_cm.o(.constdata) for os_thread_def_main
    rtx_conf_cm.o(.text) refers to rt_task.o(i.rt_tsk_self) for rt_tsk_self
    rtx_conf_cm.o(.text) refers to rt_mutex.o(i.rt_mut_init) for rt_mut_init
    rtx_conf_cm.o(.text) refers to rt_cmsis.o(.data) for os_running
    rtx_conf_cm.o(.text) refers to rtx_conf_cm.o(.bss) for .bss
    rtx_conf_cm.o(.text) refers to libspace.o(.bss) for __libspace_start
    rtx_conf_cm.o(.text) refers to rtx_conf_cm.o(.data) for .data
    rtx_conf_cm.o(.text) refers to rt_mutex.o(i.rt_mut_wait) for rt_mut_wait
    rtx_conf_cm.o(.text) refers to rt_mutex.o(i.rt_mut_release) for rt_mut_release
    rtx_conf_cm.o(.constdata) refers to rt_cmsis.o(i.osTimerThread) for osTimerThread
    rtx_conf_cm.o(.constdata) refers to rtx_conf_cm.o(.bss) for os_messageQ_q_osTimerMessageQ
    rtx_conf_cm.o(.constdata) refers to blinky.o(.text) for main
    startup_mkl25z4.o(STACK) refers (Special) to heapauxi.o(.text) for __use_two_region_memory
    startup_mkl25z4.o(HEAP) refers (Special) to heapauxi.o(.text) for __use_two_region_memory
    startup_mkl25z4.o(RESET) refers (Special) to heapauxi.o(.text) for __use_two_region_memory
    startup_mkl25z4.o(RESET) refers to startup_mkl25z4.o(STACK) for __initial_sp
    startup_mkl25z4.o(RESET) refers to startup_mkl25z4.o(.text) for Reset_Handler
    startup_mkl25z4.o(RESET) refers to hal_cm0.o(.emb_text) for SVC_Handler
    startup_mkl25z4.o(.ARM.__at_0x400) refers (Special) to heapauxi.o(.text) for __use_two_region_memory
    startup_mkl25z4.o(.text) refers (Special) to heapauxi.o(.text) for __use_two_region_memory
    startup_mkl25z4.o(.text) refers to system_mkl25z4.o(.text) for SystemInit
    startup_mkl25z4.o(.text) refers to __main.o(!!!main) for __main
    startup_mkl25z4.o(.text) refers to startup_mkl25z4.o(HEAP) for Heap_Mem
    startup_mkl25z4.o(.text) refers to startup_mkl25z4.o(STACK) for Stack_Mem
    system_mkl25z4.o(.text) refers to aeabi_sdiv.o(.text) for __aeabi_uidivmod
    system_mkl25z4.o(.text) refers to system_mkl25z4.o(i.__ARM_common_switch8) for __ARM_common_switch8
    system_mkl25z4.o(.text) refers to system_mkl25z4.o(.data) for SystemCoreClock
    rt_cmsis.o(i.isrMessageGet) refers to rt_mailbox.o(i.isr_mbx_receive) for isr_mbx_receive
    rt_cmsis.o(i.isrMessagePut) refers to rt_mailbox.o(i.rt_mbx_check) for rt_mbx_check
    rt_cmsis.o(i.isrMessagePut) refers to rt_mailbox.o(i.isr_mbx_send) for isr_mbx_send
    rt_cmsis.o(i.isrSemaphoreRelease) refers to rt_cmsis.o(i.rt_id2obj) for rt_id2obj
    rt_cmsis.o(i.isrSemaphoreRelease) refers to rt_semaphore.o(i.isr_sem_send) for isr_sem_send
    rt_cmsis.o(i.isrSignalSet) refers to rt_cmsis.o(i.rt_tid2ptcb) for rt_tid2ptcb
    rt_cmsis.o(i.isrSignalSet) refers to rt_event.o(i.isr_evt_set) for isr_evt_set
    rt_cmsis.o(i.osDelay) refers to rt_cmsis.o(i.svcDelay) for svcDelay
    rt_cmsis.o(i.osKernelInitialize) refers to rt_cmsis.o(i.svcKernelInitialize) for svcKernelInitialize
    rt_cmsis.o(i.osKernelRunning) refers to rt_cmsis.o(i.svcKernelRunning) for svcKernelRunning
    rt_cmsis.o(i.osKernelRunning) refers to rt_cmsis.o(.data) for .data
    rt_cmsis.o(i.osKernelStart) refers to rtx_conf_cm.o(.constdata) for os_flags
    rt_cmsis.o(i.osKernelStart) refers to rt_cmsis.o(i.svcKernelStart) for svcKernelStart
    rt_cmsis.o(i.osKernelSysTick) refers to rt_cmsis.o(i.svcKernelSysTick) for svcKernelSysTick
    rt_cmsis.o(i.osMailAlloc) refers to rt_cmsis.o(i.sysMailAlloc) for sysMailAlloc
[...]
    libinit.o(.ARM.Collect$$libinit$$00000000) refers (Special) to libinit2.o(.ARM.Collect$$libinit$$0000001F) for __rt_lib_init_fp_trap_1
    libinit.o(.ARM.Collect$$libinit$$00000000) refers (Special) to libinit2.o(.ARM.Collect$$libinit$$00000023) for __rt_lib_init_getenv_1
    libinit.o(.ARM.Collect$$libinit$$00000000) refers (Special) to libinit2.o(.ARM.Collect$$libinit$$0000000A) for __rt_lib_init_heap_1
    libinit.o(.ARM.Collect$$libinit$$00000000) refers (Special) to libinit2.o(.ARM.Collect$$libinit$$00000011) for __rt_lib_init_lc_collate_1
    libinit.o(.ARM.Collect$$libinit$$00000000) refers (Special) to libinit2.o(.ARM.Collect$$libinit$$00000013) for __rt_lib_init_lc_ctype_1
    libinit.o(.ARM.Collect$$libinit$$00000000) refers (Special) to libinit2.o(.ARM.Collect$$libinit$$00000015) for __rt_lib_init_lc_monetary_1
    libinit.o(.ARM.Collect$$libinit$$00000000) refers (Special) to libinit2.o(.ARM.Collect$$libinit$$00000017) for __rt_lib_init_lc_numeric_1
    libinit.o(.ARM.Collect$$libinit$$00000000) refers (Special) to libinit2.o(.ARM.Collect$$libinit$$00000019) for __rt_lib_init_lc_time_1
    libinit.o(.ARM.Collect$$libinit$$00000000) refers (Special) to libinit2.o(.ARM.Collect$$libinit$$00000004) for __rt_lib_init_preinit_1
    libinit.o(.ARM.Collect$$libinit$$00000000) refers (Special) to libinit2.o(.ARM.Collect$$libinit$$0000000E) for __rt_lib_init_rand_1
    libinit.o(.ARM.Collect$$libinit$$00000000) refers (Special) to libinit2.o(.ARM.Collect$$libinit$$00000033) for __rt_lib_init_return
    libinit.o(.ARM.Collect$$libinit$$00000000) refers (Special) to libinit2.o(.ARM.Collect$$libinit$$0000001D) for __rt_lib_init_signal_1
    libinit.o(.ARM.Collect$$libinit$$00000000) refers (Special) to libinit2.o(.ARM.Collect$$libinit$$00000025) for __rt_lib_init_stdio_1
    libinit.o(.ARM.Collect$$libinit$$00000000) refers (Special) to libinit2.o(.ARM.Collect$$libinit$$0000000C) for __rt_lib_init_user_alloc_1
    libshutdown.o(.ARM.Collect$$libshutdown$$00000000) refers (Special) to libshutdown2.o(.ARM.Collect$$libshutdown$$00000002) for __rt_lib_shutdown_cpp_1
    libshutdown.o(.ARM.Collect$$libshutdown$$00000000) refers (Special) to libshutdown2.o(.ARM.Collect$$libshutdown$$00000007) for __rt_lib_shutdown_fp_trap_1
    libshutdown.o(.ARM.Collect$$libshutdown$$00000000) refers (Special) to libshutdown2.o(.ARM.Collect$$libshutdown$$0000000F) for __rt_lib_shutdown_heap_1
    libshutdown.o(.ARM.Collect$$libshutdown$$00000000) refers (Special) to libshutdown2.o(.ARM.Collect$$libshutdown$$00000010) for __rt_lib_shutdown_return
    libshutdown.o(.ARM.Collect$$libshutdown$$00000000) refers (Special) to libshutdown2.o(.ARM.Collect$$libshutdown$$0000000A) for __rt_lib_shutdown_signal_1
    libshutdown.o(.ARM.Collect$$libshutdown$$00000000) refers (Special) to libshutdown2.o(.ARM.Collect$$libshutdown$$00000004) for __rt_lib_shutdown_stdio_1
    libshutdown.o(.ARM.Collect$$libshutdown$$00000000) refers (Special) to libshutdown2.o(.ARM.Collect$$libshutdown$$0000000C) for __rt_lib_shutdown_user_alloc_1
    rt_raise.o(.text) refers to __raise.o(.text) for __raise
    rt_raise.o(.text) refers to sys_exit.o(.text) for _sys_exit
    defsig_exit.o(.text) refers to sys_exit.o(.text) for _sys_exit
    defsig_fpe_inner.o(.text) refers to defsig_general.o(.text) for __default_signal_display
    libinit2.o(.ARM.Collect$$libinit$$00000010) refers to libinit2.o(.ARM.Collect$$libinit$$0000000F) for .ARM.Collect$$libinit$$0000000F
    libinit2.o(.ARM.Collect$$libinit$$00000012) refers to libinit2.o(.ARM.Collect$$libinit$$0000000F) for .ARM.Collect$$libinit$$0000000F
    libinit2.o(.ARM.Collect$$libinit$$00000014) refers to libinit2.o(.ARM.Collect$$libinit$$0000000F) for .ARM.Collect$$libinit$$0000000F
    libinit2.o(.ARM.Collect$$libinit$$00000016) refers to libinit2.o(.ARM.Collect$$libinit$$0000000F) for .ARM.Collect$$libinit$$0000000F
    libinit2.o(.ARM.Collect$$libinit$$00000018) refers to libinit2.o(.ARM.Collect$$libinit$$0000000F) for .ARM.Collect$$libinit$$0000000F
    libinit2.o(.ARM.Collect$$libinit$$00000026) refers to argv_veneer.o(.text) for __ARM_argv_veneer
    libinit2.o(.ARM.Collect$$libinit$$00000027) refers to argv_veneer.o(.text) for __ARM_argv_veneer
    __raise.o(.text) refers to defsig.o(CL$$defsig) for __default_signal_handler
    defsig_general.o(.text) refers to sys_wrch.o(.text) for _ttywrch
    sys_wrch.o(.text) refers (Special) to use_no_semi.o(.text) for __I$use$semihosting
    sys_wrch.o(.text) refers (Special) to indicate_semi.o(.text) for __semihosting_library_function
    defsig.o(CL$$defsig) refers to defsig_fpe_inner.o(.text) for __rt_SIGFPE_inner
    defsig.o(CL$$defsig) refers to defsig_rtmem_inner.o(.text) for __rt_SIGRTMEM_inner
    _get_argv_nomalloc.o(.text) refers (Special) to hrguard.o(.text) for __heap_region$guard
    _get_argv_nomalloc.o(.text) refers to defsig_rtmem_outer.o(.text) for __rt_SIGRTMEM
    _get_argv_nomalloc.o(.text) refers to sys_command.o(.text) for _sys_command_string
    sys_command.o(.text) refers (Special) to use_no_semi.o(.text) for __I$use$semihosting
    sys_command.o(.text) refers (Special) to indicate_semi.o(.text) for __semihosting_library_function
    defsig_abrt_inner.o(.text) refers to defsig_general.o(.text) for __default_signal_display
    defsig_rtred_inner.o(.text) refers to defsig_general.o(.text) for __default_signal_display
    defsig_rtmem_inner.o(.text) refers to defsig_general.o(.text) for __default_signal_display
    defsig_rtmem_outer.o(.text) refers to defsig_rtmem_inner.o(.text) for __rt_SIGRTMEM_inner
    defsig_rtmem_outer.o(.text) refers to defsig_exit.o(.text) for __sig_exit
    defsig_rtmem_formal.o(.text) refers to rt_raise.o(.text) for __rt_raise
    defsig_stak_inner.o(.text) refers to defsig_general.o(.text) for __default_signal_display
    defsig_pvfn_inner.o(.text) refers to defsig_general.o(.text) for __default_signal_display
    defsig_cppl_inner.o(.text) refers to defsig_general.o(.text) for __default_signal_display
    defsig_segv_inner.o(.text) refers to defsig_general.o(.text) for __default_signal_display
    defsig_other.o(.text) refers to defsig_general.o(.text) for __default_signal_display


==============================================================================

Removing Unused input sections from the image.

    Removing blinky.o(.rev16_text), (4 bytes).
    Removing blinky.o(.revsh_text), (4 bytes).
    Removing led_frdm-kl25z.o(.rev16_text), (4 bytes).
    Removing led_frdm-kl25z.o(.revsh_text), (4 bytes).
    Removing system_mkl25z4.o(.rev16_text), (4 bytes).
    Removing system_mkl25z4.o(.revsh_text), (4 bytes).
    Removing rt_cmsis.o(.rev16_text), (4 bytes).
    Removing rt_cmsis.o(.revsh_text), (4 bytes).
    Removing rt_cmsis.o(i.isrSemaphoreRelease), (44 bytes).
    Removing rt_cmsis.o(i.osKernelRunning), (40 bytes).
    Removing rt_cmsis.o(i.osKernelSysTick), (28 bytes).
    Removing rt_cmsis.o(i.osMailAlloc), (32 bytes).
    Removing rt_cmsis.o(i.osMailCAlloc), (52 bytes).
    Removing rt_cmsis.o(i.osMailCreate), (52 bytes).
    Removing rt_cmsis.o(i.osMailFree), (32 bytes).
    Removing rt_cmsis.o(i.osMailGet), (24 bytes).
    Removing rt_cmsis.o(i.osMailPut), (28 bytes).
    Removing rt_cmsis.o(i.osMessageCreate), (52 bytes).
    Removing rt_cmsis.o(i.osMessagePut), (28 bytes).
    Removing rt_cmsis.o(i.osMutexCreate), (52 bytes).
    Removing rt_cmsis.o(i.osMutexDelete), (28 bytes).
    Removing rt_cmsis.o(i.osMutexRelease), (28 bytes).
    Removing rt_cmsis.o(i.osMutexWait), (28 bytes).
    Removing rt_cmsis.o(i.osPoolAlloc), (36 bytes).
    Removing rt_cmsis.o(i.osPoolCAlloc), (56 bytes).
    Removing rt_cmsis.o(i.osPoolCreate), (52 bytes).
    Removing rt_cmsis.o(i.osPoolFree), (36 bytes).
    Removing rt_cmsis.o(i.osSemaphoreCreate), (52 bytes).
    Removing rt_cmsis.o(i.osSemaphoreDelete), (28 bytes).
    Removing rt_cmsis.o(i.osSemaphoreRelease), (28 bytes).
    Removing rt_cmsis.o(i.osSemaphoreWait), (28 bytes).
    Removing rt_cmsis.o(i.osSignalClear), (28 bytes).
    Removing rt_cmsis.o(i.osThreadGetId), (28 bytes).
    Removing rt_cmsis.o(i.osThreadGetPriority), (28 bytes).
    Removing rt_cmsis.o(i.osThreadSetPriority), (28 bytes).
    Removing rt_cmsis.o(i.osThreadTerminate), (28 bytes).
    Removing rt_cmsis.o(i.osTimerCreate), (52 bytes).
    Removing rt_cmsis.o(i.osTimerDelete), (28 bytes).
    Removing rt_cmsis.o(i.osTimerStart), (28 bytes).
    Removing rt_cmsis.o(i.osTimerStop), (28 bytes).
    Removing rt_cmsis.o(i.osWait), (4 bytes).
    Removing rt_cmsis.o(i.os_resume), (16 bytes).
    Removing rt_cmsis.o(i.os_suspend), (16 bytes).
    Removing rt_cmsis.o(i.rt_clr_box), (26 bytes).
    Removing rt_cmsis.o(i.rt_timer_remove), (68 bytes).
    Removing rt_cmsis.o(i.svcKernelRunning), (12 bytes).
    Removing rt_cmsis.o(i.svcKernelSysTick), (56 bytes).
    Removing rt_cmsis.o(i.svcMailCreate), (78 bytes).
    Removing rt_cmsis.o(i.svcMessagePut), (56 bytes).
    Removing rt_cmsis.o(i.svcMutexCreate), (32 bytes).
    Removing rt_cmsis.o(i.svcMutexDelete), (28 bytes).
    Removing rt_cmsis.o(i.svcMutexRelease), (36 bytes).
    Removing rt_cmsis.o(i.svcMutexWait), (60 bytes).
    Removing rt_cmsis.o(i.svcPoolCreate), (46 bytes).
    Removing rt_cmsis.o(i.svcSemaphoreCreate), (44 bytes).
    Removing rt_cmsis.o(i.svcSemaphoreDelete), (28 bytes).
    Removing rt_cmsis.o(i.svcSemaphoreRelease), (44 bytes).
    Removing rt_cmsis.o(i.svcSemaphoreWait), (52 bytes).
    Removing rt_cmsis.o(i.svcSignalClear), (38 bytes).
    Removing rt_cmsis.o(i.svcThreadGetPriority), (20 bytes).
    Removing rt_cmsis.o(i.svcThreadSetPriority), (48 bytes).
    Removing rt_cmsis.o(i.svcTimerCreate), (64 bytes).
    Removing rt_cmsis.o(i.svcTimerDelete), (40 bytes).
    Removing rt_cmsis.o(i.svcTimerStart), (108 bytes).
    Removing rt_cmsis.o(i.svcTimerStop), (38 bytes).
    Removing rt_cmsis.o(i.sysMailAlloc), (100 bytes).
    Removing rt_cmsis.o(i.sysMailFree), (106 bytes).
    Removing rt_cmsis.o(i.sysPoolAlloc), (12 bytes).
    Removing rt_cmsis.o(i.sysPoolFree), (22 bytes).
    Removing rt_cmsis.o(i.sysUserTimerUpdate), (48 bytes).
    Removing rt_cmsis.o(i.sysUserTimerWakeupTime), (24 bytes).
    Removing rt_mutex.o(i.rt_mut_delete), (180 bytes).
    Removing rt_system.o(.emb_text), (0 bytes).
    Removing rt_system.o(i.os_tick_ovf), (16 bytes).
    Removing rt_system.o(i.os_tick_val), (20 bytes).
    Removing rt_system.o(i.rt_resume), (136 bytes).
    Removing rt_system.o(i.rt_suspend), (40 bytes).
    Removing rt_system.o(i.rt_tsk_lock), (84 bytes).
    Removing rt_system.o(i.rt_tsk_unlock), (84 bytes).
    Removing rt_event.o(i.rt_evt_clr), (28 bytes).
    Removing rt_event.o(i.rt_evt_get), (12 bytes).
    Removing rt_mailbox.o(i.rt_mbx_send), (148 bytes).
    Removing rt_semaphore.o(i.isr_sem_send), (14 bytes).
    Removing rt_semaphore.o(i.rt_sem_delete), (96 bytes).
    Removing rt_semaphore.o(i.rt_sem_init), (12 bytes).
    Removing rt_semaphore.o(i.rt_sem_send), (44 bytes).
    Removing rt_semaphore.o(i.rt_sem_wait), (68 bytes).
    Removing rt_time.o(i.rt_itv_set), (24 bytes).
    Removing rt_time.o(i.rt_itv_wait), (44 bytes).
    Removing rt_time.o(i.rt_time_get), (12 bytes).
    Removing rt_membox.o(i._calloc_box), (32 bytes).
    Removing rt_cmsis.o(i.__ARM_common_ll_muluu), (48 bytes).

92 unused section(s) (total 3684 bytes) removed from the image.

==============================================================================

Image Symbol Table

    Local Symbols

    Symbol Name                              Value     Ov Type        Size  Object(Section)

    RESET                                    0x00000000   Section      192  startup_mkl25z4.o(RESET)
    ../clib/angel/boardlib.s                 0x00000000   Number         0  boardshut.o ABSOLUTE
    ../clib/angel/boardlib.s                 0x00000000   Number         0  boardinit1.o ABSOLUTE
    ../clib/angel/boardlib.s                 0x00000000   Number         0  boardinit2.o ABSOLUTE
    ../clib/angel/handlers.s                 0x00000000   Number         0  __scatter_zi.o ABSOLUTE
    ../clib/angel/handlers.s                 0x00000000   Number         0  __scatter_copy.o ABSOLUTE
    ../clib/angel/kernel.s                   0x00000000   Number         0  __rtentry.o ABSOLUTE
    ../clib/angel/kernel.s                   0x00000000   Number         0  rtexit.o ABSOLUTE
    ../clib/angel/kernel.s                   0x00000000   Number         0  rtexit2.o ABSOLUTE
    ../clib/angel/kernel.s                   0x00000000   Number         0  __rtentry4.o ABSOLUTE
    ../clib/angel/kernel.s                   0x00000000   Number         0  __rtentry2.o ABSOLUTE
    ../clib/angel/rt.s                       0x00000000   Number         0  aeabi_idiv0_sigfpe.o ABSOLUTE
    ../clib/angel/rt.s                       0x00000000   Number         0  rt_raise.o ABSOLUTE
    ../clib/angel/rt.s                       0x00000000   Number         0  aeabi_ldiv0.o ABSOLUTE
    ../clib/angel/rt.s                       0x00000000   Number         0  aeabi_ldiv0_sigfpe.o ABSOLUTE
    ../clib/angel/rt.s                       0x00000000   Number         0  rt_div0.o ABSOLUTE
    ../clib/angel/rt.s                       0x00000000   Number         0  aeabi_idiv0.o ABSOLUTE
    ../clib/angel/scatterp.s                 0x00000000   Number         0  __scatter.o ABSOLUTE
    ../clib/angel/startup.s                  0x00000000   Number         0  __main.o ABSOLUTE
    ../clib/angel/sys.s                      0x00000000   Number         0  libspace.o ABSOLUTE
    ../clib/angel/sys.s                      0x00000000   Number         0  tempstk.o ABSOLUTE
    ../clib/angel/sys.s                      0x00000000   Number         0  indicate_semi.o ABSOLUTE
    ../clib/angel/sys.s                      0x00000000   Number         0  use_no_semi.o ABSOLUTE
    ../clib/angel/sys.s                      0x00000000   Number         0  sys_stackheap_outer.o ABSOLUTE
    ../clib/angel/sysapp.c                   0x00000000   Number         0  sys_wrch.o ABSOLUTE
    ../clib/angel/sysapp.c                   0x00000000   Number         0  sys_exit.o ABSOLUTE
    ../clib/angel/sysapp.c                   0x00000000   Number         0  sys_command.o ABSOLUTE
    ../clib/armsys.c                         0x00000000   Number         0  no_argv.o ABSOLUTE
    ../clib/armsys.c                         0x00000000   Number         0  _get_argv_nomalloc.o ABSOLUTE
    ../clib/armsys.c                         0x00000000   Number         0  argv_veneer.o ABSOLUTE
    ../clib/division.c                       0x00000000   Number         0  lludiv.o ABSOLUTE
    ../clib/division.s                       0x00000000   Number         0  aeabi_sdiv_div0.o ABSOLUTE
    ../clib/division.s                       0x00000000   Number         0  aeabi_sdiv.o ABSOLUTE
    ../clib/heapalloc.c                      0x00000000   Number         0  hrguard.o ABSOLUTE
    ../clib/heapaux.c                        0x00000000   Number         0  heapauxi.o ABSOLUTE
    ../clib/libinit.s                        0x00000000   Number         0  libinit.o ABSOLUTE
    ../clib/libinit.s                        0x00000000   Number         0  libshutdown2.o ABSOLUTE
    ../clib/libinit.s                        0x00000000   Number         0  libshutdown.o ABSOLUTE
    ../clib/libinit.s                        0x00000000   Number         0  libinit2.o ABSOLUTE
    ../clib/signal.c                         0x00000000   Number         0  defsig_rtmem_formal.o ABSOLUTE
    ../clib/signal.c                         0x00000000   Number         0  defsig_general.o ABSOLUTE
    ../clib/signal.c                         0x00000000   Number         0  __raise.o ABSOLUTE
    ../clib/signal.c                         0x00000000   Number         0  defsig_abrt_inner.o ABSOLUTE
    ../clib/signal.c                         0x00000000   Number         0  defsig_rtred_inner.o ABSOLUTE
    ../clib/signal.c                         0x00000000   Number         0  defsig_rtmem_inner.o ABSOLUTE
    ../clib/signal.c                         0x00000000   Number         0  defsig_stak_inner.o ABSOLUTE
    ../clib/signal.c                         0x00000000   Number         0  defsig_rtmem_outer.o ABSOLUTE
    ../clib/signal.c                         0x00000000   Number         0  defsig_pvfn_inner.o ABSOLUTE
    ../clib/signal.c                         0x00000000   Number         0  defsig_fpe_outer.o ABSOLUTE
    ../clib/signal.c                         0x00000000   Number         0  defsig_fpe_formal.o ABSOLUTE
    ../clib/signal.c                         0x00000000   Number         0  defsig_cppl_inner.o ABSOLUTE
    ../clib/signal.c                         0x00000000   Number         0  defsig_segv_inner.o ABSOLUTE
    ../clib/signal.c                         0x00000000   Number         0  defsig_other.o ABSOLUTE
    ../clib/signal.c                         0x00000000   Number         0  defsig_exit.o ABSOLUTE
    ../clib/signal.c                         0x00000000   Number         0  defsig_fpe_inner.o ABSOLUTE
    ../clib/signal.s                         0x00000000   Number         0  defsig.o ABSOLUTE
    ../clib/stdlib.c                         0x00000000   Number         0  exit.o ABSOLUTE
    ../fplib/cfplib/fpinit.c                 0x00000000   Number         0  fpinit.o ABSOLUTE
    ..\HAL_CM.c                              0x00000000   Number         0  hal_cm.o ABSOLUTE
    ..\\rt_CMSIS.c                           0x00000000   Number         0  rt_cmsis.o ABSOLUTE
    ..\\rt_System.c                          0x00000000   Number         0  rt_system.o ABSOLUTE
    ..\rt_CMSIS.c                            0x00000000   Number         0  rt_cmsis.o ABSOLUTE
    ..\rt_Event.c                            0x00000000   Number         0  rt_event.o ABSOLUTE
    ..\rt_List.c                             0x00000000   Number         0  rt_list.o ABSOLUTE
    ..\rt_Mailbox.c                          0x00000000   Number         0  rt_mailbox.o ABSOLUTE
    ..\rt_MemBox.c                           0x00000000   Number         0  rt_membox.o ABSOLUTE
    ..\rt_Memory.c                           0x00000000   Number         0  rt_memory.o ABSOLUTE
    ..\rt_Mutex.c                            0x00000000   Number         0  rt_mutex.o ABSOLUTE
    ..\rt_Robin.c                            0x00000000   Number         0  rt_robin.o ABSOLUTE
    ..\rt_Semaphore.c                        0x00000000   Number         0  rt_semaphore.o ABSOLUTE
    ..\rt_System.c                           0x00000000   Number         0  rt_system.o ABSOLUTE
    ..\rt_Task.c                             0x00000000   Number         0  rt_task.o ABSOLUTE
    ..\rt_Time.c                             0x00000000   Number         0  rt_time.o ABSOLUTE
    Blinky.c                                 0x00000000   Number         0  blinky.o ABSOLUTE
    Blinky.c                                 0x00000000   Number         0  blinky.o ABSOLUTE
    C:\Users\jessi\AppData\Local\Arm\Packs\Keil\Kinetis_KLxx_DFP\1.15.1\Boards\NXP\FRDM-KL25Z\Common\LED_FRDM-KL25Z.c 0x00000000   Number         0  led_frdm-kl25z.o ABSOLUTE
    C:\\Users\\jessi\\AppData\\Local\\Arm\\Packs\\Keil\\Kinetis_KLxx_DFP\\1.15.1\\Boards\\NXP\\FRDM-KL25Z\\Common\\LED_FRDM-KL25Z.c 0x00000000   Number         0  led_frdm-kl25z.o ABSOLUTE
    HAL_CM0.c                                0x00000000   Number         0  hal_cm0.o ABSOLUTE
    HAL_CM0.c                                0x00000000   Number         0  hal_cm0.o ABSOLUTE
    RTE\CMSIS\RTX_Conf_CM.c                  0x00000000   Number         0  rtx_conf_cm.o ABSOLUTE
    RTE\Device\MKL25Z128xxx4\startup_MKL25Z4.s 0x00000000   Number         0  startup_mkl25z4.o ABSOLUTE
    RTE\Device\MKL25Z128xxx4\system_MKL25Z4.c 0x00000000   Number         0  system_mkl25z4.o ABSOLUTE
    RTE\\CMSIS\\RTX_Conf_CM.c                0x00000000   Number         0  rtx_conf_cm.o ABSOLUTE
    RTE\\Device\\MKL25Z128xxx4\\system_MKL25Z4.c 0x00000000   Number         0  system_mkl25z4.o ABSOLUTE
    SVC_Table.s                              0x00000000   Number         0  svc_table.o ABSOLUTE
    dc.s                                     0x00000000   Number         0  dc.o ABSOLUTE
    !!!main                                  0x000000c0   Section        8  __main.o(!!!main)
    !!!scatter                               0x000000c8   Section       60  __scatter.o(!!!scatter)
    !!handler_copy                           0x00000104   Section       26  __scatter_copy.o(!!handler_copy)
    !!handler_zi                             0x00000120   Section       28  __scatter_zi.o(!!handler_zi)
    .ARM.Collect$$libinit$$00000000          0x0000013c   Section        2  libinit.o(.ARM.Collect$$libinit$$00000000)
    .ARM.Collect$$libinit$$00000002          0x0000013e   Section        0  libinit2.o(.ARM.Collect$$libinit$$00000002)
    .ARM.Collect$$libinit$$00000004          0x0000013e   Section        0  libinit2.o(.ARM.Collect$$libinit$$00000004)
    .ARM.Collect$$libinit$$0000000A          0x0000013e   Section        0  libinit2.o(.ARM.Collect$$libinit$$0000000A)
    .ARM.Collect$$libinit$$0000000C          0x0000013e   Section        0  libinit2.o(.ARM.Collect$$libinit$$0000000C)
    .ARM.Collect$$libinit$$0000000E          0x0000013e   Section        0  libinit2.o(.ARM.Collect$$libinit$$0000000E)
    .ARM.Collect$$libinit$$00000011          0x0000013e   Section        0  libinit2.o(.ARM.Collect$$libinit$$00000011)
    .ARM.Collect$$libinit$$00000013          0x0000013e   Section        0  libinit2.o(.ARM.Collect$$libinit$$00000013)
    .ARM.Collect$$libinit$$00000015          0x0000013e   Section        0  libinit2.o(.ARM.Collect$$libinit$$00000015)
    .ARM.Collect$$libinit$$00000017          0x0000013e   Section        0  libinit2.o(.ARM.Collect$$libinit$$00000017)
    .ARM.Collect$$libinit$$00000019          0x0000013e   Section        0  libinit2.o(.ARM.Collect$$libinit$$00000019)
    .ARM.Collect$$libinit$$0000001B          0x0000013e   Section        0  libinit2.o(.ARM.Collect$$libinit$$0000001B)
    .ARM.Collect$$libinit$$0000001D          0x0000013e   Section        0  libinit2.o(.ARM.Collect$$libinit$$0000001D)
    .ARM.Collect$$libinit$$0000001F          0x0000013e   Section        0  libinit2.o(.ARM.Collect$$libinit$$0000001F)
    .ARM.Collect$$libinit$$00000021          0x0000013e   Section        0  libinit2.o(.ARM.Collect$$libinit$$00000021)
    .ARM.Collect$$libinit$$00000023          0x0000013e   Section        0  libinit2.o(.ARM.Collect$$libinit$$00000023)
    .ARM.Collect$$libinit$$00000025          0x0000013e   Section        0  libinit2.o(.ARM.Collect$$libinit$$00000025)
    .ARM.Collect$$libinit$$0000002C          0x0000013e   Section        0  libinit2.o(.ARM.Collect$$libinit$$0000002C)
    .ARM.Collect$$libinit$$0000002E          0x0000013e   Section        0  libinit2.o(.ARM.Collect$$libinit$$0000002E)
    .ARM.Collect$$libinit$$00000030          0x0000013e   Section        0  libinit2.o(.ARM.Collect$$libinit$$00000030)
    .ARM.Collect$$libinit$$00000032          0x0000013e   Section        0  libinit2.o(.ARM.Collect$$libinit$$00000032)
    .ARM.Collect$$libinit$$00000033          0x0000013e   Section        2  libinit2.o(.ARM.Collect$$libinit$$00000033)
    .ARM.Collect$$libshutdown$$00000000      0x00000140   Section        2  libshutdown.o(.ARM.Collect$$libshutdown$$00000000)
    .ARM.Collect$$libshutdown$$00000002      0x00000142   Section        0  libshutdown2.o(.ARM.Collect$$libshutdown$$00000002)
    .ARM.Collect$$libshutdown$$00000004      0x00000142   Section        0  libshutdown2.o(.ARM.Collect$$libshutdown$$00000004)
    .ARM.Collect$$libshutdown$$00000007      0x00000142   Section        0  libshutdown2.o(.ARM.Collect$$libshutdown$$00000007)
    .ARM.Collect$$libshutdown$$0000000A      0x00000142   Section        0  libshutdown2.o(.ARM.Collect$$libshutdown$$0000000A)
    .ARM.Collect$$libshutdown$$0000000C      0x00000142   Section        0  libshutdown2.o(.ARM.Collect$$libshutdown$$0000000C)
    .ARM.Collect$$libshutdown$$0000000F      0x00000142   Section        0  libshutdown2.o(.ARM.Collect$$libshutdown$$0000000F)
    .ARM.Collect$$libshutdown$$00000010      0x00000142   Section        2  libshutdown2.o(.ARM.Collect$$libshutdown$$00000010)
    .ARM.Collect$$rtentry$$00000000          0x00000144   Section        0  __rtentry.o(.ARM.Collect$$rtentry$$00000000)
    .ARM.Collect$$rtentry$$00000002          0x00000144   Section        0  __rtentry2.o(.ARM.Collect$$rtentry$$00000002)
    .ARM.Collect$$rtentry$$00000004          0x00000144   Section        6  __rtentry4.o(.ARM.Collect$$rtentry$$00000004)
    .ARM.Collect$$rtentry$$00000009          0x0000014a   Section        0  __rtentry2.o(.ARM.Collect$$rtentry$$00000009)
    .ARM.Collect$$rtentry$$0000000A          0x0000014a   Section        4  __rtentry2.o(.ARM.Collect$$rtentry$$0000000A)
    .ARM.Collect$$rtentry$$0000000B          0x0000014e   Section        8  __rtentry2.o(.ARM.Collect$$rtentry$$0000000B)
    .ARM.Collect$$rtentry$$0000000D          0x00000156   Section        8  __rtentry2.o(.ARM.Collect$$rtentry$$0000000D)
    .ARM.Collect$$rtexit$$00000000           0x0000015e   Section        2  rtexit.o(.ARM.Collect$$rtexit$$00000000)
    .ARM.Collect$$rtexit$$00000002           0x00000160   Section        0  rtexit2.o(.ARM.Collect$$rtexit$$00000002)
    .ARM.Collect$$rtexit$$00000003           0x00000160   Section        4  rtexit2.o(.ARM.Collect$$rtexit$$00000003)
    .ARM.Collect$$rtexit$$00000004           0x00000164   Section        6  rtexit2.o(.ARM.Collect$$rtexit$$00000004)
    .emb_text                                0x0000016c   Section       28  rtx_conf_cm.o(.emb_text)
    .emb_text                                0x00000188   Section      356  hal_cm0.o(.emb_text)
    .text                                    0x000002ec   Section        0  blinky.o(.text)
    .text                                    0x00000380   Section       64  startup_mkl25z4.o(.text)
    .text                                    0x000003c0   Section        8  libspace.o(.text)
    .text                                    0x000003c8   Section        0  exit.o(.text)
    .text                                    0x000003d8   Section        0  heapauxi.o(.text)
    .text                                    0x000003e0   Section        0  sys_exit.o(.text)
    .text                                    0x000003ec   Section        2  use_no_semi.o(.text)
    .text                                    0x000003ee   Section        0  indicate_semi.o(.text)
    SVC_TABLE                                0x000003f0   Section        4  svc_table.o(SVC_TABLE)
    i.isr_mbx_send                           0x000003f4   Section        0  rt_mailbox.o(i.isr_mbx_send)
    .ARM.__at_0x400                          0x00000400   Section       16  startup_mkl25z4.o(.ARM.__at_0x400)
    .text                                    0x00000410   Section        0  led_frdm-kl25z.o(.text)
    .text                                    0x00000520   Section        0  rtx_conf_cm.o(.text)
    __tagsym$$used                           0x0000058b   Number         0  rtx_conf_cm.o(.text)
    __tagsym$$used                           0x000005a1   Number         0  rtx_conf_cm.o(.text)
    .text                                    0x000005d4   Section        0  system_mkl25z4.o(.text)
    .text                                    0x00000770   Section      346  aeabi_sdiv.o(.text)
    .text                                    0x000008ca   Section       62  sys_stackheap_outer.o(.text)
    i.__ARM_common_switch8                   0x00000908   Section        0  system_mkl25z4.o(i.__ARM_common_switch8)
    i._init_box                              0x00000924   Section        0  rt_membox.o(i._init_box)
    i.isrMessageGet                          0x0000096c   Section        0  rt_cmsis.o(i.isrMessageGet)
    i.isrMessagePut                          0x0000099a   Section        0  rt_cmsis.o(i.isrMessagePut)
    i.isrSignalSet                           0x000009ca   Section        0  rt_cmsis.o(i.isrSignalSet)
    i.isr_evt_set                            0x000009f0   Section        0  rt_event.o(i.isr_evt_set)
    i.isr_mbx_receive                        0x00000a14   Section        0  rt_mailbox.o(i.isr_mbx_receive)
    i.osDelay                                0x00000a60   Section        0  rt_cmsis.o(i.osDelay)
    i.osKernelInitialize                     0x00000a7c   Section        0  rt_cmsis.o(i.osKernelInitialize)
    i.osKernelStart                          0x00000aa4   Section        0  rt_cmsis.o(i.osKernelStart)
    i.osMessageGet                           0x00000b10   Section        0  rt_cmsis.o(i.osMessageGet)
    i.osSignalSet                            0x00000b2c   Section        0  rt_cmsis.o(i.osSignalSet)
    i.osSignalWait                           0x00000b48   Section        0  rt_cmsis.o(i.osSignalWait)
    i.osThreadCreate                         0x00000b64   Section        0  rt_cmsis.o(i.osThreadCreate)
    i.osThreadExit                           0x00000b98   Section        0  rt_cmsis.o(i.osThreadExit)
    i.osThreadYield                          0x00000bb0   Section        0  rt_cmsis.o(i.osThreadYield)
    i.osTimerCall                            0x00000bcc   Section        0  rt_cmsis.o(i.osTimerCall)
    i.osTimerThread                          0x00000bdc   Section        0  rt_cmsis.o(i.osTimerThread)
    i.os_tick_init                           0x00000c08   Section        0  rt_system.o(i.os_tick_init)
    i.os_tick_irqack                         0x00000c34   Section        0  rt_system.o(i.os_tick_irqack)
    i.rt_alloc_box                           0x00000c36   Section        0  rt_membox.o(i.rt_alloc_box)
    i.rt_alloc_mem                           0x00000c54   Section        0  rt_memory.o(i.rt_alloc_mem)
    i.rt_block                               0x00000c98   Section        0  rt_task.o(i.rt_block)
    i.rt_chk_robin                           0x00000cd0   Section        0  rt_robin.o(i.rt_chk_robin)
    i.rt_dec_dly                             0x00000d14   Section        0  rt_list.o(i.rt_dec_dly)
    i.rt_dispatch                            0x00000d88   Section        0  rt_task.o(i.rt_dispatch)
    i.rt_dly_wait                            0x00000dc8   Section        0  rt_time.o(i.rt_dly_wait)
    i.rt_evt_psh                             0x00000dd4   Section        0  rt_event.o(i.rt_evt_psh)
    i.rt_evt_set                             0x00000e24   Section        0  rt_event.o(i.rt_evt_set)
    i.rt_evt_wait                            0x00000e80   Section        0  rt_event.o(i.rt_evt_wait)
    i.rt_free_box                            0x00000ec0   Section        0  rt_membox.o(i.rt_free_box)
    i.rt_free_mem                            0x00000ee6   Section        0  rt_memory.o(i.rt_free_mem)
    i.rt_get_first                           0x00000f16   Section        0  rt_list.o(i.rt_get_first)
    i.rt_get_same_rdy_prio                   0x00000f40   Section        0  rt_list.o(i.rt_get_same_rdy_prio)
    i.rt_id2obj                              0x00000f64   Section        0  rt_cmsis.o(i.rt_id2obj)
    rt_id2obj                                0x00000f65   Thumb Code     8  rt_cmsis.o(i.rt_id2obj)
    i.rt_init_context                        0x00000f6c   Section        0  rt_task.o(i.rt_init_context)
    rt_init_context                          0x00000f6d   Thumb Code    66  rt_task.o(i.rt_init_context)
    i.rt_init_mem                            0x00000fb4   Section        0  rt_memory.o(i.rt_init_mem)
    i.rt_init_robin                          0x00000fd0   Section        0  rt_robin.o(i.rt_init_robin)
    i.rt_init_stack                          0x00000fe8   Section        0  hal_cm.o(i.rt_init_stack)
    i.rt_mbx_check                           0x00001060   Section        0  rt_mailbox.o(i.rt_mbx_check)
    i.rt_mbx_init                            0x00001068   Section        0  rt_mailbox.o(i.rt_mbx_init)
    i.rt_mbx_psh                             0x0000108c   Section        0  rt_mailbox.o(i.rt_mbx_psh)
    i.rt_mbx_wait                            0x0000115c   Section        0  rt_mailbox.o(i.rt_mbx_wait)
    i.rt_ms2tick                             0x0000120c   Section        0  rt_cmsis.o(i.rt_ms2tick)
    rt_ms2tick                               0x0000120d   Thumb Code    56  rt_cmsis.o(i.rt_ms2tick)
    i.rt_mut_init                            0x00001250   Section        0  rt_mutex.o(i.rt_mut_init)
    i.rt_mut_release                         0x00001260   Section        0  rt_mutex.o(i.rt_mut_release)
    i.rt_mut_wait                            0x00001338   Section        0  rt_mutex.o(i.rt_mut_wait)
    i.rt_pop_req                             0x000013b8   Section        0  rt_system.o(i.rt_pop_req)
    i.rt_psh_req                             0x00001428   Section        0  rt_system.o(i.rt_psh_req)
    i.rt_psq_enq                             0x00001448   Section        0  rt_list.o(i.rt_psq_enq)
    i.rt_put_dly                             0x00001488   Section        0  rt_list.o(i.rt_put_dly)
    i.rt_put_prio                            0x000014d8   Section        0  rt_list.o(i.rt_put_prio)
    i.rt_put_rdy_first                       0x00001514   Section        0  rt_list.o(i.rt_put_rdy_first)
    i.rt_resort_prio                         0x00001528   Section        0  rt_list.o(i.rt_resort_prio)
    i.rt_ret_val                             0x00001558   Section        0  hal_cm.o(i.rt_ret_val)
    i.rt_ret_val2                            0x0000155e   Section        0  hal_cm.o(i.rt_ret_val2)
    i.rt_rmv_dly                             0x00001566   Section        0  rt_list.o(i.rt_rmv_dly)
    i.rt_rmv_list                            0x00001590   Section        0  rt_list.o(i.rt_rmv_list)
    i.rt_sem_psh                             0x000015c4   Section        0  rt_semaphore.o(i.rt_sem_psh)
    i.rt_stk_check                           0x000015f8   Section        0  rt_system.o(i.rt_stk_check)
    i.rt_switch_req                          0x00001620   Section        0  rt_task.o(i.rt_switch_req)
    i.rt_sys_init                            0x00001630   Section        0  rt_task.o(i.rt_sys_init)
    i.rt_sys_start                           0x000016f8   Section        0  rt_task.o(i.rt_sys_start)
    i.rt_systick                             0x0000175c   Section        0  rt_system.o(i.rt_systick)
    i.rt_tid2ptcb                            0x00001798   Section        0  rt_cmsis.o(i.rt_tid2ptcb)
    rt_tid2ptcb                              0x00001799   Thumb Code    18  rt_cmsis.o(i.rt_tid2ptcb)
    i.rt_timer_insert                        0x000017ac   Section        0  rt_cmsis.o(i.rt_timer_insert)
    rt_timer_insert                          0x000017ad   Thumb Code    52  rt_cmsis.o(i.rt_timer_insert)
    i.rt_tsk_create                          0x000017e4   Section        0  rt_task.o(i.rt_tsk_create)
    i.rt_tsk_delete                          0x0000185c   Section        0  rt_task.o(i.rt_tsk_delete)
    i.rt_tsk_pass                            0x000019b4   Section        0  rt_task.o(i.rt_tsk_pass)
    i.rt_tsk_prio                            0x000019e0   Section        0  rt_task.o(i.rt_tsk_prio)
    i.rt_tsk_self                            0x00001a60   Section        0  rt_task.o(i.rt_tsk_self)
    i.svcDelay                               0x00001a70   Section        0  rt_cmsis.o(i.svcDelay)
    i.svcKernelInitialize                    0x00001a84   Section        0  rt_cmsis.o(i.svcKernelInitialize)
    i.svcKernelStart                         0x00001afc   Section        0  rt_cmsis.o(i.svcKernelStart)
    i.svcMessageCreate                       0x00001b48   Section        0  rt_cmsis.o(i.svcMessageCreate)
    i.svcMessageGet                          0x00001b72   Section        0  rt_cmsis.o(i.svcMessageGet)
    i.svcSignalSet                           0x00001bae   Section        0  rt_cmsis.o(i.svcSignalSet)
    i.svcSignalWait                          0x00001bd4   Section        0  rt_cmsis.o(i.svcSignalWait)
    i.svcThreadCreate                        0x00001c30   Section        0  rt_cmsis.o(i.svcThreadCreate)
    i.svcThreadGetId                         0x00001ca4   Section        0  rt_cmsis.o(i.svcThreadGetId)
    i.svcThreadTerminate                     0x00001cc0   Section        0  rt_cmsis.o(i.svcThreadTerminate)
    i.svcThreadYield                         0x00001cfc   Section        0  rt_cmsis.o(i.svcThreadYield)
    i.svcTimerCall                           0x00001d06   Section        0  rt_cmsis.o(i.svcTimerCall)
    i.sysTimerTick                           0x00001d24   Section        0  rt_cmsis.o(i.sysTimerTick)
    .constdata                               0x00001d7c   Section       16  blinky.o(.constdata)
    .constdata                               0x00001d8c   Section       36  led_frdm-kl25z.o(.constdata)
    .constdata                               0x00001db0   Section      104  rtx_conf_cm.o(.constdata)
    __tagsym$$used                           0x00001dcc   Number         0  rtx_conf_cm.o(.constdata)
    __tagsym$$used                           0x00001dd0   Number         0  rtx_conf_cm.o(.constdata)
    __tagsym$$used                           0x00001dd4   Number         0  rtx_conf_cm.o(.constdata)
    __tagsym$$used                           0x00001dd8   Number         0  rtx_conf_cm.o(.constdata)
    .data                                    0x1ffff000   Section        4  blinky.o(.data)
    .data                                    0x1ffff004   Section       20  rtx_conf_cm.o(.data)
    nr_mutex                                 0x1ffff014   Data           4  rtx_conf_cm.o(.data)
    .data                                    0x1ffff018   Section        4  system_mkl25z4.o(.data)
    .data                                    0x1ffff01c   Section        8  rt_cmsis.o(.data)
    .data                                    0x1ffff024   Section        8  rt_task.o(.data)
    .data                                    0x1ffff02c   Section        8  rt_system.o(.data)
    os_lock                                  0x1ffff02c   Data           1  rt_system.o(.data)
    os_psh_flag                              0x1ffff02d   Data           1  rt_system.o(.data)
    pend_flags                               0x1ffff02e   Data           1  rt_system.o(.data)
    .data                                    0x1ffff034   Section        4  rt_time.o(.data)
    .data                                    0x1ffff038   Section        8  rt_robin.o(.data)
    .bss                                     0x1ffff040   Section     1964  rtx_conf_cm.o(.bss)
    std_libspace                             0x1ffff5ec   Data         384  rtx_conf_cm.o(.bss)
    std_libmutex                             0x1ffff76c   Data         128  rtx_conf_cm.o(.bss)
    .bss                                     0x1ffff7ec   Section       52  rt_task.o(.bss)
    .bss                                     0x1ffff820   Section       48  rt_list.o(.bss)
    .bss                                     0x1ffff850   Section       96  libspace.o(.bss)
    HEAP                                     0x1ffff8b0   Section        0  startup_mkl25z4.o(HEAP)
    STACK                                    0x1ffff8b0   Section      256  startup_mkl25z4.o(STACK)
    Heap_Mem                                 0x1ffff8b0   Data           0  startup_mkl25z4.o(HEAP)
    Stack_Mem                                0x1ffff8b0   Data         256  startup_mkl25z4.o(STACK)
    __initial_sp                             0x1ffff9b0   Data           0  startup_mkl25z4.o(STACK)

    Global Symbols

    Symbol Name                              Value     Ov Type        Size  Object(Section)

    BuildAttributes$$THM_ISAv3M$S$PE$A:L22$X:L11$S22$IEEE1$IW$USESV6$~STKCKD$USESV7$~SHL$OSPACE$ROPI$EBA8$UX$STANDARDLIB$REQ8$PRES8$EABIv2 0x00000000   Number         0  anon$$obj.o ABSOLUTE
    __ARM_use_no_argv                        0x00000000   Number         0  blinky.o ABSOLUTE
    __Vectors                                0x00000000   Data           4  startup_mkl25z4.o(RESET)
    __ARM_exceptions_init                     - Undefined Weak Reference
    __alloca_initialize                       - Undefined Weak Reference
    __arm_preinit_                            - Undefined Weak Reference
    __cpp_initialize__aeabi_                  - Undefined Weak Reference
    __cxa_finalize                            - Undefined Weak Reference
    __rt_locale                               - Undefined Weak Reference
    __sigvec_lookup                           - Undefined Weak Reference
    _atexit_init                              - Undefined Weak Reference
    _call_atexit_fns                          - Undefined Weak Reference
    _clock_init                               - Undefined Weak Reference
    _fp_trap_init                             - Undefined Weak Reference
    _fp_trap_shutdown                         - Undefined Weak Reference
    _get_lc_collate                           - Undefined Weak Reference
    _get_lc_ctype                             - Undefined Weak Reference
    _get_lc_monetary                          - Undefined Weak Reference
    _get_lc_numeric                           - Undefined Weak Reference
    _get_lc_time                              - Undefined Weak Reference
    _getenv_init                              - Undefined Weak Reference
    _handle_redirection                       - Undefined Weak Reference
    _init_alloc                               - Undefined Weak Reference
    _init_user_alloc                          - Undefined Weak Reference
    _initio                                   - Undefined Weak Reference
    _rand_init                                - Undefined Weak Reference
    _signal_finish                            - Undefined Weak Reference
    _signal_init                              - Undefined Weak Reference
    _terminate_alloc                          - Undefined Weak Reference
    _terminate_user_alloc                     - Undefined Weak Reference
    _terminateio                              - Undefined Weak Reference
    __Vectors_End                            0x000000c0   Data           0  startup_mkl25z4.o(RESET)
    __Vectors_Size                           0x000000c0   Number         0  startup_mkl25z4.o ABSOLUTE
    __main                                   0x000000c1   Thumb Code     8  __main.o(!!!main)
    __scatterload                            0x000000c9   Thumb Code     0  __scatter.o(!!!scatter)
    __scatterload_rt2                        0x000000c9   Thumb Code    52  __scatter.o(!!!scatter)
    __scatterload_rt2_thumb_only             0x000000c9   Thumb Code     0  __scatter.o(!!!scatter)
    __scatterload_null                       0x000000d9   Thumb Code     0  __scatter.o(!!!scatter)
    __scatterload_copy                       0x00000105   Thumb Code    26  __scatter_copy.o(!!handler_copy)
    __scatterload_zeroinit                   0x00000121   Thumb Code    28  __scatter_zi.o(!!handler_zi)
    __rt_lib_init                            0x0000013d   Thumb Code     0  libinit.o(.ARM.Collect$$libinit$$00000000)
    __rt_lib_init_alloca_1                   0x0000013f   Thumb Code     0  libinit2.o(.ARM.Collect$$libinit$$0000002E)
    __rt_lib_init_argv_1                     0x0000013f   Thumb Code     0  libinit2.o(.ARM.Collect$$libinit$$0000002C)
    __rt_lib_init_atexit_1                   0x0000013f   Thumb Code     0  libinit2.o(.ARM.Collect$$libinit$$0000001B)
    __rt_lib_init_clock_1                    0x0000013f   Thumb Code     0  libinit2.o(.ARM.Collect$$libinit$$00000021)
    __rt_lib_init_cpp_1                      0x0000013f   Thumb Code     0  libinit2.o(.ARM.Collect$$libinit$$00000032)
    __rt_lib_init_exceptions_1               0x0000013f   Thumb Code     0  libinit2.o(.ARM.Collect$$libinit$$00000030)
    __rt_lib_init_fp_1                       0x0000013f   Thumb Code     0  libinit2.o(.ARM.Collect$$libinit$$00000002)
    __rt_lib_init_fp_trap_1                  0x0000013f   Thumb Code     0  libinit2.o(.ARM.Collect$$libinit$$0000001F)
    __rt_lib_init_getenv_1                   0x0000013f   Thumb Code     0  libinit2.o(.ARM.Collect$$libinit$$00000023)
    __rt_lib_init_heap_1                     0x0000013f   Thumb Code     0  libinit2.o(.ARM.Collect$$libinit$$0000000A)
    __rt_lib_init_lc_collate_1               0x0000013f   Thumb Code     0  libinit2.o(.ARM.Collect$$libinit$$00000011)
    __rt_lib_init_lc_ctype_1                 0x0000013f   Thumb Code     0  libinit2.o(.ARM.Collect$$libinit$$00000013)
    __rt_lib_init_lc_monetary_1              0x0000013f   Thumb Code     0  libinit2.o(.ARM.Collect$$libinit$$00000015)
    __rt_lib_init_lc_numeric_1               0x0000013f   Thumb Code     0  libinit2.o(.ARM.Collect$$libinit$$00000017)
    __rt_lib_init_lc_time_1                  0x0000013f   Thumb Code     0  libinit2.o(.ARM.Collect$$libinit$$00000019)
    __rt_lib_init_preinit_1                  0x0000013f   Thumb Code     0  libinit2.o(.ARM.Collect$$libinit$$00000004)
    __rt_lib_init_rand_1                     0x0000013f   Thumb Code     0  libinit2.o(.ARM.Collect$$libinit$$0000000E)
    __rt_lib_init_return                     0x0000013f   Thumb Code     0  libinit2.o(.ARM.Collect$$libinit$$00000033)
    __rt_lib_init_signal_1                   0x0000013f   Thumb Code     0  libinit2.o(.ARM.Collect$$libinit$$0000001D)
    __rt_lib_init_stdio_1                    0x0000013f   Thumb Code     0  libinit2.o(.ARM.Collect$$libinit$$00000025)
    __rt_lib_init_user_alloc_1               0x0000013f   Thumb Code     0  libinit2.o(.ARM.Collect$$libinit$$0000000C)
    __rt_lib_shutdown                        0x00000141   Thumb Code     0  libshutdown.o(.ARM.Collect$$libshutdown$$00000000)
    __rt_lib_shutdown_cpp_1                  0x00000143   Thumb Code     0  libshutdown2.o(.ARM.Collect$$libshutdown$$00000002)
    __rt_lib_shutdown_fp_trap_1              0x00000143   Thumb Code     0  libshutdown2.o(.ARM.Collect$$libshutdown$$00000007)
    __rt_lib_shutdown_heap_1                 0x00000143   Thumb Code     0  libshutdown2.o(.ARM.Collect$$libshutdown$$0000000F)
    __rt_lib_shutdown_return                 0x00000143   Thumb Code     0  libshutdown2.o(.ARM.Collect$$libshutdown$$00000010)
    __rt_lib_shutdown_signal_1               0x00000143   Thumb Code     0  libshutdown2.o(.ARM.Collect$$libshutdown$$0000000A)
    __rt_lib_shutdown_stdio_1                0x00000143   Thumb Code     0  libshutdown2.o(.ARM.Collect$$libshutdown$$00000004)
    __rt_lib_shutdown_user_alloc_1           0x00000143   Thumb Code     0  libshutdown2.o(.ARM.Collect$$libshutdown$$0000000C)
    __rt_entry                               0x00000145   Thumb Code     0  __rtentry.o(.ARM.Collect$$rtentry$$00000000)
    __rt_entry_presh_1                       0x00000145   Thumb Code     0  __rtentry2.o(.ARM.Collect$$rtentry$$00000002)
    __rt_entry_sh                            0x00000145   Thumb Code     0  __rtentry4.o(.ARM.Collect$$rtentry$$00000004)
    __rt_entry_li                            0x0000014b   Thumb Code     0  __rtentry2.o(.ARM.Collect$$rtentry$$0000000A)
    __rt_entry_postsh_1                      0x0000014b   Thumb Code     0  __rtentry2.o(.ARM.Collect$$rtentry$$00000009)
    __rt_entry_postli_1                      0x0000014f   Thumb Code     0  __rtentry2.o(.ARM.Collect$$rtentry$$0000000B)
    __rt_entry_main                          0x00000157   Thumb Code     0  __rtentry2.o(.ARM.Collect$$rtentry$$0000000D)
    __rt_exit                                0x0000015f   Thumb Code     0  rtexit.o(.ARM.Collect$$rtexit$$00000000)
    __rt_exit_ls                             0x00000161   Thumb Code     0  rtexit2.o(.ARM.Collect$$rtexit$$00000003)
    __rt_exit_prels_1                        0x00000161   Thumb Code     0  rtexit2.o(.ARM.Collect$$rtexit$$00000002)
    __rt_exit_exit                           0x00000165   Thumb Code     0  rtexit2.o(.ARM.Collect$$rtexit$$00000004)
    _platform_post_lib_init                  0x0000016d   Thumb Code    24  rtx_conf_cm.o(.emb_text)
    rt_set_PSP                               0x00000189   Thumb Code     6  hal_cm0.o(.emb_text)
    rt_get_PSP                               0x0000018f   Thumb Code     6  hal_cm0.o(.emb_text)
    os_set_env                               0x00000195   Thumb Code    32  hal_cm0.o(.emb_text)
    _alloc_box                               0x000001b9   Thumb Code    28  hal_cm0.o(.emb_text)
    _free_box                                0x000001d9   Thumb Code    28  hal_cm0.o(.emb_text)
    SVC_Handler                              0x000001f9   Thumb Code   136  hal_cm0.o(.emb_text)
    PendSV_Handler                           0x0000028d   Thumb Code    72  hal_cm0.o(.emb_text)
    SysTick_Handler                          0x000002d9   Thumb Code     8  hal_cm0.o(.emb_text)
    OS_Tick_Handler                          0x000002e1   Thumb Code    12  hal_cm0.o(.emb_text)
    Init_Thread_LED                          0x000002ed   Thumb Code    30  blinky.o(.text)
    Thread_LED                               0x0000030b   Thumb Code    66  blinky.o(.text)
    main                                     0x0000034d   Thumb Code    42  blinky.o(.text)
    Reset_Handler                            0x00000381   Thumb Code    12  startup_mkl25z4.o(.text)
    NMI_Handler                              0x0000038d   Thumb Code     2  startup_mkl25z4.o(.text)
    HardFault_Handler                        0x0000038f   Thumb Code     2  startup_mkl25z4.o(.text)
    ADC0_IRQHandler                          0x00000397   Thumb Code     0  startup_mkl25z4.o(.text)
    CMP0_IRQHandler                          0x00000397   Thumb Code     0  startup_mkl25z4.o(.text)
    DAC0_IRQHandler                          0x00000397   Thumb Code     0  startup_mkl25z4.o(.text)
    DMA0_IRQHandler                          0x00000397   Thumb Code     0  startup_mkl25z4.o(.text)
    DMA1_IRQHandler                          0x00000397   Thumb Code     0  startup_mkl25z4.o(.text)
    DMA2_IRQHandler                          0x00000397   Thumb Code     0  startup_mkl25z4.o(.text)
    DMA3_IRQHandler                          0x00000397   Thumb Code     0  startup_mkl25z4.o(.text)
    DefaultISR                               0x00000397   Thumb Code     0  startup_mkl25z4.o(.text)
    FTFA_IRQHandler                          0x00000397   Thumb Code     0  startup_mkl25z4.o(.text)
    I2C0_IRQHandler                          0x00000397   Thumb Code     0  startup_mkl25z4.o(.text)
    I2C1_IRQHandler                          0x00000397   Thumb Code     0  startup_mkl25z4.o(.text)
    LLWU_IRQHandler                          0x00000397   Thumb Code     0  startup_mkl25z4.o(.text)
    LPTMR0_IRQHandler                        0x00000397   Thumb Code     0  startup_mkl25z4.o(.text)
    LVD_LVW_IRQHandler                       0x00000397   Thumb Code     0  startup_mkl25z4.o(.text)
    MCG_IRQHandler                           0x00000397   Thumb Code     0  startup_mkl25z4.o(.text)
    PIT_IRQHandler                           0x00000397   Thumb Code     0  startup_mkl25z4.o(.text)
    PORTA_IRQHandler                         0x00000397   Thumb Code     0  startup_mkl25z4.o(.text)
    PORTD_IRQHandler                         0x00000397   Thumb Code     0  startup_mkl25z4.o(.text)
    RTC_IRQHandler                           0x00000397   Thumb Code     0  startup_mkl25z4.o(.text)
    RTC_Seconds_IRQHandler                   0x00000397   Thumb Code     0  startup_mkl25z4.o(.text)
    Reserved20_IRQHandler                    0x00000397   Thumb Code     0  startup_mkl25z4.o(.text)
    Reserved39_IRQHandler                    0x00000397   Thumb Code     0  startup_mkl25z4.o(.text)
    Reserved45_IRQHandler                    0x00000397   Thumb Code     0  startup_mkl25z4.o(.text)
    SPI0_IRQHandler                          0x00000397   Thumb Code     0  startup_mkl25z4.o(.text)
    SPI1_IRQHandler                          0x00000397   Thumb Code     0  startup_mkl25z4.o(.text)
    TPM0_IRQHandler                          0x00000397   Thumb Code     0  startup_mkl25z4.o(.text)
    TPM1_IRQHandler                          0x00000397   Thumb Code     0  startup_mkl25z4.o(.text)
    TPM2_IRQHandler                          0x00000397   Thumb Code     0  startup_mkl25z4.o(.text)
    TSI0_IRQHandler                          0x00000397   Thumb Code     0  startup_mkl25z4.o(.text)
    UART0_IRQHandler                         0x00000397   Thumb Code     0  startup_mkl25z4.o(.text)
    UART1_IRQHandler                         0x00000397   Thumb Code     0  startup_mkl25z4.o(.text)
    UART2_IRQHandler                         0x00000397   Thumb Code     0  startup_mkl25z4.o(.text)
    USB0_IRQHandler                          0x00000397   Thumb Code     0  startup_mkl25z4.o(.text)
    __user_initial_stackheap                 0x0000039d   Thumb Code     0  startup_mkl25z4.o(.text)
    __user_libspace                          0x000003c1   Thumb Code     8  libspace.o(.text)
    __user_perproc_libspace                  0x000003c1   Thumb Code     0  libspace.o(.text)
    exit                                     0x000003c9   Thumb Code    16  exit.o(.text)
    __use_two_region_memory                  0x000003d9   Thumb Code     2  heapauxi.o(.text)
    __rt_heap_escrow$2region                 0x000003db   Thumb Code     2  heapauxi.o(.text)
    __rt_heap_expand$2region                 0x000003dd   Thumb Code     2  heapauxi.o(.text)
    _sys_exit                                0x000003e1   Thumb Code     8  sys_exit.o(.text)
    __I$use$semihosting                      0x000003ed   Thumb Code     0  use_no_semi.o(.text)
    __use_no_semihosting_swi                 0x000003ed   Thumb Code     2  use_no_semi.o(.text)
    __semihosting_library_function           0x000003ef   Thumb Code     0  indicate_semi.o(.text)
    SVC_Count                                0x000003f0   Data           4  svc_table.o(SVC_TABLE)
    SVC_Table                                0x000003f4   Data           0  svc_table.o(SVC_TABLE)
    isr_mbx_send                             0x000003f5   Thumb Code    12  rt_mailbox.o(i.isr_mbx_send)
    LED_Initialize                           0x00000411   Thumb Code   148  led_frdm-kl25z.o(.text)
    __RL_RTX_VER                             0x00000482   Number         0  rt_system.o ABSOLUTE
    LED_Uninitialize                         0x000004a5   Thumb Code     4  led_frdm-kl25z.o(.text)
    LED_On                                   0x000004a9   Thumb Code    28  led_frdm-kl25z.o(.text)
    LED_Off                                  0x000004c5   Thumb Code    28  led_frdm-kl25z.o(.text)
    LED_SetOut                               0x000004e1   Thumb Code    42  led_frdm-kl25z.o(.text)
    LED_GetCount                             0x0000050b   Thumb Code     4  led_frdm-kl25z.o(.text)
    os_idle_demon                            0x00000521   Thumb Code     4  rtx_conf_cm.o(.text)
    os_error                                 0x00000525   Thumb Code    34  rtx_conf_cm.o(.text)
    __user_perthread_libspace                0x00000547   Thumb Code    34  rtx_conf_cm.o(.text)
    _mutex_initialize                        0x00000569   Thumb Code    34  rtx_conf_cm.o(.text)
    _mutex_acquire                           0x0000058b   Thumb Code    22  rtx_conf_cm.o(.text)
    _mutex_release                           0x000005a1   Thumb Code    20  rtx_conf_cm.o(.text)
    SystemInit                               0x000005d5   Thumb Code     8  system_mkl25z4.o(.text)
    SystemCoreClockUpdate                    0x000005dd   Thumb Code   374  system_mkl25z4.o(.text)
    __aeabi_uidiv                            0x00000771   Thumb Code     0  aeabi_sdiv.o(.text)
    __aeabi_uidivmod                         0x00000771   Thumb Code    20  aeabi_sdiv.o(.text)
    __aeabi_idiv                             0x00000785   Thumb Code     0  aeabi_sdiv.o(.text)
    __aeabi_idivmod                          0x00000785   Thumb Code   326  aeabi_sdiv.o(.text)
    __user_setup_stackheap                   0x000008cb   Thumb Code    62  sys_stackheap_outer.o(.text)
    __ARM_common_switch8                     0x00000909   Thumb Code    28  system_mkl25z4.o(i.__ARM_common_switch8)
    _init_box                                0x00000925   Thumb Code    72  rt_membox.o(i._init_box)
    isrMessageGet                            0x0000096d   Thumb Code    46  rt_cmsis.o(i.isrMessageGet)
    isrMessagePut                            0x0000099b   Thumb Code    48  rt_cmsis.o(i.isrMessagePut)
    isrSignalSet                             0x000009cb   Thumb Code    38  rt_cmsis.o(i.isrSignalSet)
    isr_evt_set                              0x000009f1   Thumb Code    30  rt_event.o(i.isr_evt_set)
    isr_mbx_receive                          0x00000a15   Thumb Code    76  rt_mailbox.o(i.isr_mbx_receive)
    osDelay                                  0x00000a61   Thumb Code    22  rt_cmsis.o(i.osDelay)
    osKernelInitialize                       0x00000a7d   Thumb Code    36  rt_cmsis.o(i.osKernelInitialize)
    osKernelStart                            0x00000aa5   Thumb Code   100  rt_cmsis.o(i.osKernelStart)
    osMessageGet                             0x00000b11   Thumb Code    24  rt_cmsis.o(i.osMessageGet)
    osSignalSet                              0x00000b2d   Thumb Code    24  rt_cmsis.o(i.osSignalSet)
    osSignalWait                             0x00000b49   Thumb Code    22  rt_cmsis.o(i.osSignalWait)
    osThreadCreate                           0x00000b65   Thumb Code    44  rt_cmsis.o(i.osThreadCreate)
    osThreadExit                             0x00000b99   Thumb Code    14  rt_cmsis.o(i.osThreadExit)
    osThreadYield                            0x00000bb1   Thumb Code    22  rt_cmsis.o(i.osThreadYield)
    osTimerCall                              0x00000bcd   Thumb Code    10  rt_cmsis.o(i.osTimerCall)
    osTimerThread                            0x00000bdd   Thumb Code    38  rt_cmsis.o(i.osTimerThread)
    os_tick_init                             0x00000c09   Thumb Code    32  rt_system.o(i.os_tick_init)
    os_tick_irqack                           0x00000c35   Thumb Code     2  rt_system.o(i.os_tick_irqack)
    rt_alloc_box                             0x00000c37   Thumb Code    30  rt_membox.o(i.rt_alloc_box)
    rt_alloc_mem                             0x00000c55   Thumb Code    66  rt_memory.o(i.rt_alloc_mem)
    rt_block                                 0x00000c99   Thumb Code    42  rt_task.o(i.rt_block)
    rt_chk_robin                             0x00000cd1   Thumb Code    56  rt_robin.o(i.rt_chk_robin)
    rt_dec_dly                               0x00000d15   Thumb Code   108  rt_list.o(i.rt_dec_dly)
    rt_dispatch                              0x00000d89   Thumb Code    56  rt_task.o(i.rt_dispatch)
    rt_dly_wait                              0x00000dc9   Thumb Code    10  rt_time.o(i.rt_dly_wait)
    rt_evt_psh                               0x00000dd5   Thumb Code    74  rt_event.o(i.rt_evt_psh)
    rt_evt_set                               0x00000e25   Thumb Code    86  rt_event.o(i.rt_evt_set)
    rt_evt_wait                              0x00000e81   Thumb Code    58  rt_event.o(i.rt_evt_wait)
    rt_free_box                              0x00000ec1   Thumb Code    38  rt_membox.o(i.rt_free_box)
    rt_free_mem                              0x00000ee7   Thumb Code    48  rt_memory.o(i.rt_free_mem)
    rt_get_first                             0x00000f17   Thumb Code    42  rt_list.o(i.rt_get_first)
    rt_get_same_rdy_prio                     0x00000f41   Thumb Code    26  rt_list.o(i.rt_get_same_rdy_prio)
    rt_init_mem                              0x00000fb5   Thumb Code    28  rt_memory.o(i.rt_init_mem)
    rt_init_robin                            0x00000fd1   Thumb Code    14  rt_robin.o(i.rt_init_robin)
    rt_init_stack                            0x00000fe9   Thumb Code   106  hal_cm.o(i.rt_init_stack)
    rt_mbx_check                             0x00001061   Thumb Code     8  rt_mailbox.o(i.rt_mbx_check)
    rt_mbx_init                              0x00001069   Thumb Code    30  rt_mailbox.o(i.rt_mbx_init)
    rt_mbx_psh                               0x0000108d   Thumb Code   204  rt_mailbox.o(i.rt_mbx_psh)
    rt_mbx_wait                              0x0000115d   Thumb Code   170  rt_mailbox.o(i.rt_mbx_wait)
    rt_mut_init                              0x00001251   Thumb Code    16  rt_mutex.o(i.rt_mut_init)
    rt_mut_release                           0x00001261   Thumb Code   206  rt_mutex.o(i.rt_mut_release)
    rt_mut_wait                              0x00001339   Thumb Code   118  rt_mutex.o(i.rt_mut_wait)
    rt_pop_req                               0x000013b9   Thumb Code   100  rt_system.o(i.rt_pop_req)
    rt_psh_req                               0x00001429   Thumb Code    24  rt_system.o(i.rt_psh_req)
    rt_psq_enq                               0x00001449   Thumb Code    60  rt_list.o(i.rt_psq_enq)
    rt_put_dly                               0x00001489   Thumb Code    74  rt_list.o(i.rt_put_dly)
    rt_put_prio                              0x000014d9   Thumb Code    60  rt_list.o(i.rt_put_prio)
    rt_put_rdy_first                         0x00001515   Thumb Code    14  rt_list.o(i.rt_put_rdy_first)
    rt_resort_prio                           0x00001529   Thumb Code    44  rt_list.o(i.rt_resort_prio)
    rt_ret_val                               0x00001559   Thumb Code     6  hal_cm.o(i.rt_ret_val)
    rt_ret_val2                              0x0000155f   Thumb Code     8  hal_cm.o(i.rt_ret_val2)
    rt_rmv_dly                               0x00001567   Thumb Code    42  rt_list.o(i.rt_rmv_dly)
    rt_rmv_list                              0x00001591   Thumb Code    46  rt_list.o(i.rt_rmv_list)
    rt_sem_psh                               0x000015c5   Thumb Code    48  rt_semaphore.o(i.rt_sem_psh)
    rt_stk_check                             0x000015f9   Thumb Code    30  rt_system.o(i.rt_stk_check)
    rt_switch_req                            0x00001621   Thumb Code    10  rt_task.o(i.rt_switch_req)
    rt_sys_init                              0x00001631   Thumb Code   134  rt_task.o(i.rt_sys_init)
    rt_sys_start                             0x000016f9   Thumb Code    82  rt_task.o(i.rt_sys_start)
    rt_systick                               0x0000175d   Thumb Code    48  rt_system.o(i.rt_systick)
    rt_tsk_create                            0x000017e5   Thumb Code   106  rt_task.o(i.rt_tsk_create)
    rt_tsk_delete                            0x0000185d   Thumb Code   318  rt_task.o(i.rt_tsk_delete)
    rt_tsk_pass                              0x000019b5   Thumb Code    34  rt_task.o(i.rt_tsk_pass)
    rt_tsk_prio                              0x000019e1   Thumb Code   112  rt_task.o(i.rt_tsk_prio)
    rt_tsk_self                              0x00001a61   Thumb Code    12  rt_task.o(i.rt_tsk_self)
    svcDelay                                 0x00001a71   Thumb Code    18  rt_cmsis.o(i.svcDelay)
    svcKernelInitialize                      0x00001a85   Thumb Code    86  rt_cmsis.o(i.svcKernelInitialize)
    svcKernelStart                           0x00001afd   Thumb Code    66  rt_cmsis.o(i.svcKernelStart)
    svcMessageCreate                         0x00001b49   Thumb Code    42  rt_cmsis.o(i.svcMessageCreate)
    svcMessageGet                            0x00001b73   Thumb Code    60  rt_cmsis.o(i.svcMessageGet)
    svcSignalSet                             0x00001baf   Thumb Code    38  rt_cmsis.o(i.svcSignalSet)
    svcSignalWait                            0x00001bd5   Thumb Code    82  rt_cmsis.o(i.svcSignalWait)
    svcThreadCreate                          0x00001c31   Thumb Code   102  rt_cmsis.o(i.svcThreadCreate)
    svcThreadGetId                           0x00001ca5   Thumb Code    22  rt_cmsis.o(i.svcThreadGetId)
    svcThreadTerminate                       0x00001cc1   Thumb Code    56  rt_cmsis.o(i.svcThreadTerminate)
    svcThreadYield                           0x00001cfd   Thumb Code    10  rt_cmsis.o(i.svcThreadYield)
    svcTimerCall                             0x00001d07   Thumb Code    28  rt_cmsis.o(i.svcTimerCall)
    sysTimerTick                             0x00001d25   Thumb Code    78  rt_cmsis.o(i.sysTimerTick)
    os_thread_def_Thread_LED                 0x00001d7c   Data          16  blinky.o(.constdata)
    led_pin                                  0x00001d8c   Data          12  led_frdm-kl25z.o(.constdata)
    led_port                                 0x00001d98   Data          12  led_frdm-kl25z.o(.constdata)
    led_gpio                                 0x00001da4   Data          12  led_frdm-kl25z.o(.constdata)
    os_maxtaskrun                            0x00001db0   Data           2  rtx_conf_cm.o(.constdata)
    os_stackinfo                             0x00001db4   Data           4  rtx_conf_cm.o(.constdata)
    os_rrobin                                0x00001db8   Data           4  rtx_conf_cm.o(.constdata)
    os_tickfreq                              0x00001dbc   Data           4  rtx_conf_cm.o(.constdata)
    os_tickus_i                              0x00001dc0   Data           2  rtx_conf_cm.o(.constdata)
    os_tickus_f                              0x00001dc2   Data           2  rtx_conf_cm.o(.constdata)
    os_trv                                   0x00001dc4   Data           4  rtx_conf_cm.o(.constdata)
    os_flags                                 0x00001dc8   Data           1  rtx_conf_cm.o(.constdata)
    CMSIS_RTOS_API_Version                   0x00001dcc   Data           4  rtx_conf_cm.o(.constdata)
    CMSIS_RTOS_RTX_Version                   0x00001dd0   Data           4  rtx_conf_cm.o(.constdata)
    os_clockrate                             0x00001dd4   Data           4  rtx_conf_cm.o(.constdata)
    os_timernum                              0x00001dd8   Data           4  rtx_conf_cm.o(.constdata)
    mp_tcb_size                              0x00001ddc   Data           2  rtx_conf_cm.o(.constdata)
    mp_stk_size                              0x00001de0   Data           4  rtx_conf_cm.o(.constdata)
    os_stack_sz                              0x00001de4   Data           4  rtx_conf_cm.o(.constdata)
    os_fifo_size                             0x00001de8   Data           1  rtx_conf_cm.o(.constdata)
    os_thread_def_osTimerThread              0x00001dec   Data          16  rtx_conf_cm.o(.constdata)
    os_messageQ_def_osTimerMessageQ          0x00001dfc   Data           8  rtx_conf_cm.o(.constdata)
    mp_tmr_size                              0x00001e04   Data           2  rtx_conf_cm.o(.constdata)
    os_thread_def_main                       0x00001e08   Data          16  rtx_conf_cm.o(.constdata)
    Region$$Table$$Base                      0x00001e18   Number         0  anon$$obj.o(Region$$Table)
    Region$$Table$$Limit                     0x00001e38   Number         0  anon$$obj.o(Region$$Table)
    tid_Thread_LED                           0x1ffff000   Data           4  blinky.o(.data)
    osThreadId_osTimerThread                 0x1ffff004   Data           4  rtx_conf_cm.o(.data)
    osMessageQId_osTimerMessageQ             0x1ffff008   Data           4  rtx_conf_cm.o(.data)
    os_tmr                                   0x1ffff00c   Data           4  rtx_conf_cm.o(.data)
    m_tmr                                    0x1ffff010   Data           4  rtx_conf_cm.o(.data)
    SystemCoreClock                          0x1ffff018   Data           4  system_mkl25z4.o(.data)
    os_initialized                           0x1ffff01c   Data           1  rt_cmsis.o(.data)
    os_running                               0x1ffff01d   Data           1  rt_cmsis.o(.data)
    os_timer_head                            0x1ffff020   Data           4  rt_cmsis.o(.data)
    os_tsk                                   0x1ffff024   Data           8  rt_task.o(.data)
    os_tick_irqn                             0x1ffff030   Data           4  rt_system.o(.data)
    os_time                                  0x1ffff034   Data           4  rt_time.o(.data)
    os_robin                                 0x1ffff038   Data           8  rt_robin.o(.data)
    mp_tcb                                   0x1ffff040   Data         220  rtx_conf_cm.o(.bss)
    mp_stk                                   0x1ffff120   Data         616  rtx_conf_cm.o(.bss)
    os_stack_mem                             0x1ffff388   Data         432  rtx_conf_cm.o(.bss)
    os_fifo                                  0x1ffff538   Data         132  rtx_conf_cm.o(.bss)
    os_active_TCB                            0x1ffff5bc   Data          16  rtx_conf_cm.o(.bss)
    os_messageQ_q_osTimerMessageQ            0x1ffff5cc   Data          32  rtx_conf_cm.o(.bss)
    os_idle_TCB                              0x1ffff7ec   Data          52  rt_task.o(.bss)
    os_rdy                                   0x1ffff820   Data          24  rt_list.o(.bss)
    os_dly                                   0x1ffff838   Data          24  rt_list.o(.bss)
    __libspace_start                         0x1ffff850   Data          96  libspace.o(.bss)
    __temporary_stack_top$libspace           0x1ffff8b0   Data           0  libspace.o(.bss)



==============================================================================

Memory Map of the image

  Image Entry point : 0x000000c1

  Load Region LR_IROM1 (Base: 0x00000000, Size: 0x00001e78, Max: 0x00020000, ABSOLUTE)

    Execution Region ER_IROM1 (Exec base: 0x00000000, Load base: 0x00000000, Size: 0x00001e38, Max: 0x00020000, ABSOLUTE)

    Exec Addr    Load Addr    Size         Type   Attr      Idx    E Section Name        Object

    0x00000000   0x00000000   0x000000c0   Data   RO          113    RESET               startup_mkl25z4.o
    0x000000c0   0x000000c0   0x00000008   Code   RO         1349  * !!!main             c_p.l(__main.o)
    0x000000c8   0x000000c8   0x0000003c   Code   RO         1516    !!!scatter          c_p.l(__scatter.o)
    0x00000104   0x00000104   0x0000001a   Code   RO         1518    !!handler_copy      c_p.l(__scatter_copy.o)
    0x0000011e   0x0000011e   0x00000002   PAD
    0x00000120   0x00000120   0x0000001c   Code   RO         1520    !!handler_zi        c_p.l(__scatter_zi.o)
    0x0000013c   0x0000013c   0x00000002   Code   RO         1401    .ARM.Collect$$libinit$$00000000  c_p.l(libinit.o)
    0x0000013e   0x0000013e   0x00000000   Code   RO         1414    .ARM.Collect$$libinit$$00000002  c_p.l(libinit2.o)
    0x0000013e   0x0000013e   0x00000000   Code   RO         1416    .ARM.Collect$$libinit$$00000004  c_p.l(libinit2.o)
    0x0000013e   0x0000013e   0x00000000   Code   RO         1419    .ARM.Collect$$libinit$$0000000A  c_p.l(libinit2.o)
    0x0000013e   0x0000013e   0x00000000   Code   RO         1421    .ARM.Collect$$libinit$$0000000C  c_p.l(libinit2.o)
    0x0000013e   0x0000013e   0x00000000   Code   RO         1423    .ARM.Collect$$libinit$$0000000E  c_p.l(libinit2.o)
    0x0000013e   0x0000013e   0x00000000   Code   RO         1426    .ARM.Collect$$libinit$$00000011  c_p.l(libinit2.o)
    0x0000013e   0x0000013e   0x00000000   Code   RO         1428    .ARM.Collect$$libinit$$00000013  c_p.l(libinit2.o)
    0x0000013e   0x0000013e   0x00000000   Code   RO         1430    .ARM.Collect$$libinit$$00000015  c_p.l(libinit2.o)
    0x0000013e   0x0000013e   0x00000000   Code   RO         1432    .ARM.Collect$$libinit$$00000017  c_p.l(libinit2.o)
    0x0000013e   0x0000013e   0x00000000   Code   RO         1434    .ARM.Collect$$libinit$$00000019  c_p.l(libinit2.o)
    0x0000013e   0x0000013e   0x00000000   Code   RO         1436    .ARM.Collect$$libinit$$0000001B  c_p.l(libinit2.o)
    0x0000013e   0x0000013e   0x00000000   Code   RO         1438    .ARM.Collect$$libinit$$0000001D  c_p.l(libinit2.o)
    0x0000013e   0x0000013e   0x00000000   Code   RO         1440    .ARM.Collect$$libinit$$0000001F  c_p.l(libinit2.o)
    0x0000013e   0x0000013e   0x00000000   Code   RO         1442    .ARM.Collect$$libinit$$00000021  c_p.l(libinit2.o)
    0x0000013e   0x0000013e   0x00000000   Code   RO         1444    .ARM.Collect$$libinit$$00000023  c_p.l(libinit2.o)
    0x0000013e   0x0000013e   0x00000000   Code   RO         1446    .ARM.Collect$$libinit$$00000025  c_p.l(libinit2.o)
    0x0000013e   0x0000013e   0x00000000   Code   RO         1450    .ARM.Collect$$libinit$$0000002C  c_p.l(libinit2.o)
    0x0000013e   0x0000013e   0x00000000   Code   RO         1452    .ARM.Collect$$libinit$$0000002E  c_p.l(libinit2.o)
    0x0000013e   0x0000013e   0x00000000   Code   RO         1454    .ARM.Collect$$libinit$$00000030  c_p.l(libinit2.o)
    0x0000013e   0x0000013e   0x00000000   Code   RO         1456    .ARM.Collect$$libinit$$00000032  c_p.l(libinit2.o)
    0x0000013e   0x0000013e   0x00000002   Code   RO         1457    .ARM.Collect$$libinit$$00000033  c_p.l(libinit2.o)
    0x00000140   0x00000140   0x00000002   Code   RO         1402    .ARM.Collect$$libshutdown$$00000000  c_p.l(libshutdown.o)
    0x00000142   0x00000142   0x00000000   Code   RO         1459    .ARM.Collect$$libshutdown$$00000002  c_p.l(libshutdown2.o)
    0x00000142   0x00000142   0x00000000   Code   RO         1461    .ARM.Collect$$libshutdown$$00000004  c_p.l(libshutdown2.o)
    0x00000142   0x00000142   0x00000000   Code   RO         1464    .ARM.Collect$$libshutdown$$00000007  c_p.l(libshutdown2.o)
    0x00000142   0x00000142   0x00000000   Code   RO         1467    .ARM.Collect$$libshutdown$$0000000A  c_p.l(libshutdown2.o)
    0x00000142   0x00000142   0x00000000   Code   RO         1469    .ARM.Collect$$libshutdown$$0000000C  c_p.l(libshutdown2.o)
    0x00000142   0x00000142   0x00000000   Code   RO         1472    .ARM.Collect$$libshutdown$$0000000F  c_p.l(libshutdown2.o)
    0x00000142   0x00000142   0x00000002   Code   RO         1473    .ARM.Collect$$libshutdown$$00000010  c_p.l(libshutdown2.o)
    0x00000144   0x00000144   0x00000000   Code   RO         1351    .ARM.Collect$$rtentry$$00000000  c_p.l(__rtentry.o)
    0x00000144   0x00000144   0x00000000   Code   RO         1363    .ARM.Collect$$rtentry$$00000002  c_p.l(__rtentry2.o)
    0x00000144   0x00000144   0x00000006   Code   RO         1375    .ARM.Collect$$rtentry$$00000004  c_p.l(__rtentry4.o)
    0x0000014a   0x0000014a   0x00000000   Code   RO         1365    .ARM.Collect$$rtentry$$00000009  c_p.l(__rtentry2.o)
    0x0000014a   0x0000014a   0x00000004   Code   RO         1366    .ARM.Collect$$rtentry$$0000000A  c_p.l(__rtentry2.o)
    0x0000014e   0x0000014e   0x00000008   Code   RO         1367    .ARM.Collect$$rtentry$$0000000B  c_p.l(__rtentry2.o)
    0x00000156   0x00000156   0x00000008   Code   RO         1369    .ARM.Collect$$rtentry$$0000000D  c_p.l(__rtentry2.o)
    0x0000015e   0x0000015e   0x00000002   Code   RO         1352    .ARM.Collect$$rtexit$$00000000  c_p.l(rtexit.o)
    0x00000160   0x00000160   0x00000000   Code   RO         1378    .ARM.Collect$$rtexit$$00000002  c_p.l(rtexit2.o)
    0x00000160   0x00000160   0x00000004   Code   RO         1379    .ARM.Collect$$rtexit$$00000003  c_p.l(rtexit2.o)
    0x00000164   0x00000164   0x00000006   Code   RO         1380    .ARM.Collect$$rtexit$$00000004  c_p.l(rtexit2.o)
    0x0000016a   0x0000016a   0x00000002   PAD
    0x0000016c   0x0000016c   0x0000001c   Code   RO           83    .emb_text           rtx_conf_cm.o
    0x00000188   0x00000188   0x00000164   Code   RO         1321    .emb_text           RTX_CM0.lib(hal_cm0.o)
    0x000002ec   0x000002ec   0x00000094   Code   RO            3    .text               blinky.o
    0x00000380   0x00000380   0x00000040   Code   RO          115    .text               startup_mkl25z4.o
    0x000003c0   0x000003c0   0x00000008   Code   RO         1336    .text               c_p.l(libspace.o)
    0x000003c8   0x000003c8   0x00000010   Code   RO         1341    .text               c_p.l(exit.o)
    0x000003d8   0x000003d8   0x00000006   Code   RO         1347    .text               c_p.l(heapauxi.o)
    0x000003de   0x000003de   0x00000002   PAD
    0x000003e0   0x000003e0   0x0000000c   Code   RO         1386    .text               c_p.l(sys_exit.o)
    0x000003ec   0x000003ec   0x00000002   Code   RO         1403    .text               c_p.l(use_no_semi.o)
    0x000003ee   0x000003ee   0x00000000   Code   RO         1405    .text               c_p.l(indicate_semi.o)
    0x000003ee   0x000003ee   0x00000002   PAD
    0x000003f0   0x000003f0   0x00000004   Code   RO         1331    SVC_TABLE           RTX_CM0.lib(svc_table.o)
    0x000003f4   0x000003f4   0x0000000c   Code   RO         1100    i.isr_mbx_send      RTX_CM0.lib(rt_mailbox.o)
    0x00000400   0x00000400   0x00000010   Code   RO          114    .ARM.__at_0x400     startup_mkl25z4.o
    0x00000410   0x00000410   0x00000110   Code   RO           62    .text               led_frdm-kl25z.o
    0x00000520   0x00000520   0x000000b4   Code   RO           84    .text               rtx_conf_cm.o
    0x000005d4   0x000005d4   0x0000019c   Code   RO          123    .text               system_mkl25z4.o
    0x00000770   0x00000770   0x0000015a   Code   RO         1343    .text               c_p.l(aeabi_sdiv.o)
    0x000008ca   0x000008ca   0x0000003e   Code   RO         1388    .text               c_p.l(sys_stackheap_outer.o)
    0x00000908   0x00000908   0x0000001c   Code   RO          141    i.__ARM_common_switch8  system_mkl25z4.o
    0x00000924   0x00000924   0x00000048   Code   RO         1244    i._init_box         RTX_CM0.lib(rt_membox.o)
    0x0000096c   0x0000096c   0x0000002e   Code   RO          151    i.isrMessageGet     RTX_CM0.lib(rt_cmsis.o)
    0x0000099a   0x0000099a   0x00000030   Code   RO          152    i.isrMessagePut     RTX_CM0.lib(rt_cmsis.o)
    0x000009ca   0x000009ca   0x00000026   Code   RO          154    i.isrSignalSet      RTX_CM0.lib(rt_cmsis.o)
    0x000009f0   0x000009f0   0x00000024   Code   RO          981    i.isr_evt_set       RTX_CM0.lib(rt_event.o)
    0x00000a14   0x00000a14   0x0000004c   Code   RO         1099    i.isr_mbx_receive   RTX_CM0.lib(rt_mailbox.o)
    0x00000a60   0x00000a60   0x0000001c   Code   RO          155    i.osDelay           RTX_CM0.lib(rt_cmsis.o)
    0x00000a7c   0x00000a7c   0x00000028   Code   RO          156    i.osKernelInitialize  RTX_CM0.lib(rt_cmsis.o)
    0x00000aa4   0x00000aa4   0x0000006c   Code   RO          158    i.osKernelStart     RTX_CM0.lib(rt_cmsis.o)
    0x00000b10   0x00000b10   0x0000001c   Code   RO          167    i.osMessageGet      RTX_CM0.lib(rt_cmsis.o)
    0x00000b2c   0x00000b2c   0x0000001c   Code   RO          182    i.osSignalSet       RTX_CM0.lib(rt_cmsis.o)
    0x00000b48   0x00000b48   0x0000001c   Code   RO          183    i.osSignalWait      RTX_CM0.lib(rt_cmsis.o)
    0x00000b64   0x00000b64   0x00000034   Code   RO          184    i.osThreadCreate    RTX_CM0.lib(rt_cmsis.o)
    0x00000b98   0x00000b98   0x00000018   Code   RO          185    i.osThreadExit      RTX_CM0.lib(rt_cmsis.o)
    0x00000bb0   0x00000bb0   0x0000001c   Code   RO          190    i.osThreadYield     RTX_CM0.lib(rt_cmsis.o)
    0x00000bcc   0x00000bcc   0x00000010   Code   RO          191    i.osTimerCall       RTX_CM0.lib(rt_cmsis.o)
    0x00000bdc   0x00000bdc   0x0000002c   Code   RO          196    i.osTimerThread     RTX_CM0.lib(rt_cmsis.o)
    0x00000c08   0x00000c08   0x0000002c   Code   RO          891    i.os_tick_init      RTX_CM0.lib(rt_system.o)
    0x00000c34   0x00000c34   0x00000002   Code   RO          892    i.os_tick_irqack    RTX_CM0.lib(rt_system.o)
    0x00000c36   0x00000c36   0x0000001e   Code   RO         1245    i.rt_alloc_box      RTX_CM0.lib(rt_membox.o)
    0x00000c54   0x00000c54   0x00000042   Code   RO         1273    i.rt_alloc_mem      RTX_CM0.lib(rt_memory.o)
    0x00000c96   0x00000c96   0x00000002   PAD
    0x00000c98   0x00000c98   0x00000038   Code   RO          772    i.rt_block          RTX_CM0.lib(rt_task.o)
    0x00000cd0   0x00000cd0   0x00000044   Code   RO         1222    i.rt_chk_robin      RTX_CM0.lib(rt_robin.o)
    0x00000d14   0x00000d14   0x00000074   Code   RO         1023    i.rt_dec_dly        RTX_CM0.lib(rt_list.o)
    0x00000d88   0x00000d88   0x00000040   Code   RO          773    i.rt_dispatch       RTX_CM0.lib(rt_task.o)
    0x00000dc8   0x00000dc8   0x0000000a   Code   RO         1189    i.rt_dly_wait       RTX_CM0.lib(rt_time.o)
    0x00000dd2   0x00000dd2   0x00000002   PAD
    0x00000dd4   0x00000dd4   0x00000050   Code   RO          984    i.rt_evt_psh        RTX_CM0.lib(rt_event.o)
    0x00000e24   0x00000e24   0x0000005c   Code   RO          985    i.rt_evt_set        RTX_CM0.lib(rt_event.o)
    0x00000e80   0x00000e80   0x00000040   Code   RO          986    i.rt_evt_wait       RTX_CM0.lib(rt_event.o)
    0x00000ec0   0x00000ec0   0x00000026   Code   RO         1246    i.rt_free_box       RTX_CM0.lib(rt_membox.o)
    0x00000ee6   0x00000ee6   0x00000030   Code   RO         1274    i.rt_free_mem       RTX_CM0.lib(rt_memory.o)
    0x00000f16   0x00000f16   0x0000002a   Code   RO         1024    i.rt_get_first      RTX_CM0.lib(rt_list.o)
    0x00000f40   0x00000f40   0x00000024   Code   RO         1025    i.rt_get_same_rdy_prio  RTX_CM0.lib(rt_list.o)
    0x00000f64   0x00000f64   0x00000008   Code   RO          201    i.rt_id2obj         RTX_CM0.lib(rt_cmsis.o)
    0x00000f6c   0x00000f6c   0x00000048   Code   RO          774    i.rt_init_context   RTX_CM0.lib(rt_task.o)
    0x00000fb4   0x00000fb4   0x0000001c   Code   RO         1275    i.rt_init_mem       RTX_CM0.lib(rt_memory.o)
    0x00000fd0   0x00000fd0   0x00000018   Code   RO         1223    i.rt_init_robin     RTX_CM0.lib(rt_robin.o)
    0x00000fe8   0x00000fe8   0x00000078   Code   RO         1297    i.rt_init_stack     RTX_CM0.lib(hal_cm.o)
    0x00001060   0x00001060   0x00000008   Code   RO         1101    i.rt_mbx_check      RTX_CM0.lib(rt_mailbox.o)
    0x00001068   0x00001068   0x00000024   Code   RO         1102    i.rt_mbx_init       RTX_CM0.lib(rt_mailbox.o)
    0x0000108c   0x0000108c   0x000000d0   Code   RO         1103    i.rt_mbx_psh        RTX_CM0.lib(rt_mailbox.o)
    0x0000115c   0x0000115c   0x000000b0   Code   RO         1105    i.rt_mbx_wait       RTX_CM0.lib(rt_mailbox.o)
    0x0000120c   0x0000120c   0x00000044   Code   RO          202    i.rt_ms2tick        RTX_CM0.lib(rt_cmsis.o)
    0x00001250   0x00001250   0x00000010   Code   RO          857    i.rt_mut_init       RTX_CM0.lib(rt_mutex.o)
    0x00001260   0x00001260   0x000000d8   Code   RO          858    i.rt_mut_release    RTX_CM0.lib(rt_mutex.o)
    0x00001338   0x00001338   0x00000080   Code   RO          859    i.rt_mut_wait       RTX_CM0.lib(rt_mutex.o)
    0x000013b8   0x000013b8   0x00000070   Code   RO          895    i.rt_pop_req        RTX_CM0.lib(rt_system.o)
    0x00001428   0x00001428   0x00000020   Code   RO          896    i.rt_psh_req        RTX_CM0.lib(rt_system.o)
    0x00001448   0x00001448   0x00000040   Code   RO         1026    i.rt_psq_enq        RTX_CM0.lib(rt_list.o)
    0x00001488   0x00001488   0x00000050   Code   RO         1027    i.rt_put_dly        RTX_CM0.lib(rt_list.o)
    0x000014d8   0x000014d8   0x0000003c   Code   RO         1028    i.rt_put_prio       RTX_CM0.lib(rt_list.o)
    0x00001514   0x00001514   0x00000014   Code   RO         1029    i.rt_put_rdy_first  RTX_CM0.lib(rt_list.o)
    0x00001528   0x00001528   0x00000030   Code   RO         1030    i.rt_resort_prio    RTX_CM0.lib(rt_list.o)
    0x00001558   0x00001558   0x00000006   Code   RO         1298    i.rt_ret_val        RTX_CM0.lib(hal_cm.o)
    0x0000155e   0x0000155e   0x00000008   Code   RO         1299    i.rt_ret_val2       RTX_CM0.lib(hal_cm.o)
    0x00001566   0x00001566   0x0000002a   Code   RO         1031    i.rt_rmv_dly        RTX_CM0.lib(rt_list.o)
    0x00001590   0x00001590   0x00000034   Code   RO         1032    i.rt_rmv_list       RTX_CM0.lib(rt_list.o)
    0x000015c4   0x000015c4   0x00000034   Code   RO         1150    i.rt_sem_psh        RTX_CM0.lib(rt_semaphore.o)
    0x000015f8   0x000015f8   0x00000028   Code   RO          898    i.rt_stk_check      RTX_CM0.lib(rt_system.o)
    0x00001620   0x00001620   0x00000010   Code   RO          775    i.rt_switch_req     RTX_CM0.lib(rt_task.o)
    0x00001630   0x00001630   0x000000c8   Code   RO          776    i.rt_sys_init       RTX_CM0.lib(rt_task.o)
    0x000016f8   0x000016f8   0x00000064   Code   RO          777    i.rt_sys_start      RTX_CM0.lib(rt_task.o)
    0x0000175c   0x0000175c   0x0000003c   Code   RO          900    i.rt_systick        RTX_CM0.lib(rt_system.o)
    0x00001798   0x00001798   0x00000012   Code   RO          203    i.rt_tid2ptcb       RTX_CM0.lib(rt_cmsis.o)
    0x000017aa   0x000017aa   0x00000002   PAD
    0x000017ac   0x000017ac   0x00000038   Code   RO          204    i.rt_timer_insert   RTX_CM0.lib(rt_cmsis.o)
    0x000017e4   0x000017e4   0x00000078   Code   RO          778    i.rt_tsk_create     RTX_CM0.lib(rt_task.o)
    0x0000185c   0x0000185c   0x00000158   Code   RO          779    i.rt_tsk_delete     RTX_CM0.lib(rt_task.o)
    0x000019b4   0x000019b4   0x0000002c   Code   RO          780    i.rt_tsk_pass       RTX_CM0.lib(rt_task.o)
    0x000019e0   0x000019e0   0x00000080   Code   RO          781    i.rt_tsk_prio       RTX_CM0.lib(rt_task.o)
    0x00001a60   0x00001a60   0x00000010   Code   RO          782    i.rt_tsk_self       RTX_CM0.lib(rt_task.o)
    0x00001a70   0x00001a70   0x00000012   Code   RO          206    i.svcDelay          RTX_CM0.lib(rt_cmsis.o)
    0x00001a82   0x00001a82   0x00000002   PAD
    0x00001a84   0x00001a84   0x00000078   Code   RO          207    i.svcKernelInitialize  RTX_CM0.lib(rt_cmsis.o)
    0x00001afc   0x00001afc   0x0000004c   Code   RO          209    i.svcKernelStart    RTX_CM0.lib(rt_cmsis.o)
    0x00001b48   0x00001b48   0x0000002a   Code   RO          212    i.svcMessageCreate  RTX_CM0.lib(rt_cmsis.o)
    0x00001b72   0x00001b72   0x0000003c   Code   RO          213    i.svcMessageGet     RTX_CM0.lib(rt_cmsis.o)
    0x00001bae   0x00001bae   0x00000026   Code   RO          225    i.svcSignalSet      RTX_CM0.lib(rt_cmsis.o)
    0x00001bd4   0x00001bd4   0x0000005c   Code   RO          226    i.svcSignalWait     RTX_CM0.lib(rt_cmsis.o)
    0x00001c30   0x00001c30   0x00000074   Code   RO          227    i.svcThreadCreate   RTX_CM0.lib(rt_cmsis.o)
    0x00001ca4   0x00001ca4   0x0000001c   Code   RO          228    i.svcThreadGetId    RTX_CM0.lib(rt_cmsis.o)
    0x00001cc0   0x00001cc0   0x0000003c   Code   RO          231    i.svcThreadTerminate  RTX_CM0.lib(rt_cmsis.o)
    0x00001cfc   0x00001cfc   0x0000000a   Code   RO          232    i.svcThreadYield    RTX_CM0.lib(rt_cmsis.o)
    0x00001d06   0x00001d06   0x0000001c   Code   RO          233    i.svcTimerCall      RTX_CM0.lib(rt_cmsis.o)
    0x00001d22   0x00001d22   0x00000002   PAD
    0x00001d24   0x00001d24   0x00000058   Code   RO          242    i.sysTimerTick      RTX_CM0.lib(rt_cmsis.o)
    0x00001d7c   0x00001d7c   0x00000010   Data   RO            4    .constdata          blinky.o
    0x00001d8c   0x00001d8c   0x00000024   Data   RO           63    .constdata          led_frdm-kl25z.o
    0x00001db0   0x00001db0   0x00000068   Data   RO           86    .constdata          rtx_conf_cm.o
    0x00001e18   0x00001e18   0x00000020   Data   RO         1514    Region$$Table       anon$$obj.o


    Execution Region RW_IRAM1 (Exec base: 0x1ffff000, Load base: 0x00001e38, Size: 0x000009b0, Max: 0x00004000, ABSOLUTE)

    Exec Addr    Load Addr    Size         Type   Attr      Idx    E Section Name        Object

    0x1ffff000   0x00001e38   0x00000004   Data   RW            5    .data               blinky.o
    0x1ffff004   0x00001e3c   0x00000014   Data   RW           87    .data               rtx_conf_cm.o
    0x1ffff018   0x00001e50   0x00000004   Data   RW          124    .data               system_mkl25z4.o
    0x1ffff01c   0x00001e54   0x00000008   Data   RW          245    .data               RTX_CM0.lib(rt_cmsis.o)
    0x1ffff024   0x00001e5c   0x00000008   Data   RW          784    .data               RTX_CM0.lib(rt_task.o)
    0x1ffff02c   0x00001e64   0x00000008   Data   RW          903    .data               RTX_CM0.lib(rt_system.o)
    0x1ffff034   0x00001e6c   0x00000004   Data   RW         1193    .data               RTX_CM0.lib(rt_time.o)
    0x1ffff038   0x00001e70   0x00000008   Data   RW         1224    .data               RTX_CM0.lib(rt_robin.o)
    0x1ffff040        -       0x000007ac   Zero   RW           85    .bss                rtx_conf_cm.o
    0x1ffff7ec        -       0x00000034   Zero   RW          783    .bss                RTX_CM0.lib(rt_task.o)
    0x1ffff820        -       0x00000030   Zero   RW         1033    .bss                RTX_CM0.lib(rt_list.o)
    0x1ffff850        -       0x00000060   Zero   RW         1337    .bss                c_p.l(libspace.o)
    0x1ffff8b0        -       0x00000000   Zero   RW          112    HEAP                startup_mkl25z4.o
    0x1ffff8b0        -       0x00000100   Zero   RW          111    STACK               startup_mkl25z4.o


==============================================================================

Image component sizes


      Code (inc. data)   RO Data    RW Data    ZI Data      Debug   Object Name

       148         10         16          4          0      10338   blinky.o
       272         18         36          0          0       2465   led_frdm-kl25z.o
       208         38        104         20       1964       8949   rtx_conf_cm.o
        80         44        192          0        256        916   startup_mkl25z4.o
       440         40          0          4          0       1317   system_mkl25z4.o

    ----------------------------------------------------------------------
      1148        150        380         28       2220      23985   Object Totals
         0          0         32          0          0          0   (incl. Generated)
         0          0          0          0          0          0   (incl. Padding)

    ----------------------------------------------------------------------

      Code (inc. data)   RO Data    RW Data    ZI Data      Debug   Library Member Name

       134         14          0          0          0       1667   hal_cm.o
       356         40          0          0          0        832   hal_cm0.o
      1482        172          0          8          0      36611   rt_cmsis.o
       272         24          0          0          0       2522   rt_event.o
       560         44          0          0         48       8520   rt_list.o
       516         16          0          0          0       3789   rt_mailbox.o
       140          0          0          0          0       1937   rt_membox.o
       142          0          0          0          0       2283   rt_memory.o
       360         20          0          0          0       2053   rt_mutex.o
        92         22          0          8          0       1102   rt_robin.o
        52          4          0          0          0        545   rt_semaphore.o
       290         54          0          8          0       5967   rt_system.o
      1160        188          0          8         52       9615   rt_task.o
        10          0          0          4          0        664   rt_time.o
         4          4          0          0          0        200   svc_table.o
         8          0          0          0          0         68   __main.o
         0          0          0          0          0          0   __rtentry.o
        20          0          0          0          0          0   __rtentry2.o
         6          0          0          0          0          0   __rtentry4.o
        60          8          0          0          0          0   __scatter.o
        26          0          0          0          0          0   __scatter_copy.o
        28          0          0          0          0          0   __scatter_zi.o
       346          0          0          0          0         92   aeabi_sdiv.o
        16          0          0          0          0         68   exit.o
         6          0          0          0          0        136   heapauxi.o
         0          0          0          0          0          0   indicate_semi.o
         2          0          0          0          0          0   libinit.o
         2          0          0          0          0          0   libinit2.o
         2          0          0          0          0          0   libshutdown.o
         2          0          0          0          0          0   libshutdown2.o
         8          4          0          0         96         68   libspace.o
         2          0          0          0          0          0   rtexit.o
        10          0          0          0          0          0   rtexit2.o
        12          4          0          0          0         60   sys_exit.o
        62          0          0          0          0         80   sys_stackheap_outer.o
         2          0          0          0          0         68   use_no_semi.o

    ----------------------------------------------------------------------
      6208        618          0         36        196      78947   Library Totals
        18          0          0          0          0          0   (incl. Padding)

    ----------------------------------------------------------------------

      Code (inc. data)   RO Data    RW Data    ZI Data      Debug   Library Name

      5570        602          0         36        100      78307   RTX_CM0.lib
       620         16          0          0         96        640   c_p.l

    ----------------------------------------------------------------------
      6208        618          0         36        196      78947   Library Totals

    ----------------------------------------------------------------------

==============================================================================


      Code (inc. data)   RO Data    RW Data    ZI Data      Debug   

      7356        768        380         64       2416      98900   Grand Totals
      7356        768        380         64       2416      98900   ELF Image Totals
      7356        768        380         64          0          0   ROM Totals

==============================================================================

    Total RO  Size (Code + RO Data)                 7736 (   7.55kB)
    Total RW  Size (RW Data + ZI Data)              2480 (   2.42kB)
    Total ROM Size (Code + RO Data + RW Data)       7800 (   7.62kB)

==============================================================================

